04-13 17:06:08.134 19154 27407 E ActivityManagerWrapper: getRecentTasks: mainTaskId=27389   userId=0   baseIntent=Intent { act=com.google.android.finsky.phoenix.ACQUIRE flag=268435456 cmp=ComponentInfo{com.android.vending/com.google.android.finsky.billing.acquire.SheetUiBuilderHostActivity} }
04-13 17:06:08.134 19154 27407 E ActivityManagerWrapper: getRecentTasks: mainTaskId=27383   userId=0   baseIntent=Intent { act=android.intent.action.MAIN flag=270532608 cmp=ComponentInfo{com.anthropic.claude/com.anthropic.claude.mainactivity.MainActivity} }
04-13 17:06:08.135 19154 27407 E ActivityManagerWrapper: getRecentTasks: mainTaskId=27375   userId=0   baseIntent=Intent { act=android.intent.action.MAIN flag=270532608 cmp=ComponentInfo{app.gainaura.habits/app.gainaura.habits.MainActivity} }
04-13 17:06:08.135 19154 27407 E ActivityManagerWrapper: getRecentTasks: mainTaskId=27378   userId=0   baseIntent=Intent { act=android.intent.action.MAIN flag=270532608 cmp=ComponentInfo{com.microsoft.office.outlook/com.microsoft.office.outlook.MainActivity} }
04-13 17:06:08.135 19154 27407 E ActivityManagerWrapper: getRecentTasks: mainTaskId=27368   userId=0   baseIntent=Intent { act=android.intent.action.VIEW flag=268435456 cmp=ComponentInfo{com.linkedin.android/com.linkedin.android.urls.DeeplinkActivity} }
04-13 17:06:08.135 19154 27407 E ActivityManagerWrapper: getRecentTasks: mainTaskId=27367   userId=0   baseIntent=Intent { act=android.intent.action.MAIN flag=270532608 cmp=ComponentInfo{com.google.android.apps.maps/com.google.android.maps.MapsActivity} }
04-13 17:06:08.135 19154 27407 E ActivityManagerWrapper: getRecentTasks: mainTaskId=27104   userId=0   baseIntent=Intent { act=android.intent.action.MAIN flag=270532608 cmp=ComponentInfo{com.openai.chatgpt/com.openai.chatgpt.MainActivity} }
04-13 17:06:08.135 19154 27407 E ActivityManagerWrapper: getRecentTasks: mainTaskId=27361   userId=0   baseIntent=Intent { act=android.intent.action.MAIN flag=270532608 cmp=ComponentInfo{com.mercadopago.wallet/com.mercadopago.wallet.SplashActivityAliasDefault} }
04-13 17:06:08.135 19154 27407 E ActivityManagerWrapper: getRecentTasks: mainTaskId=27351   userId=0   baseIntent=Intent { act=android.intent.action.MAIN flag=270532608 cmp=ComponentInfo{com.reddit.frontpage/launcher.default} }
04-13 17:06:08.135 19154 27407 E ActivityManagerWrapper: getRecentTasks: mainTaskId=27353   userId=0   baseIntent=Intent { act=android.intent.action.MAIN flag=270532608 cmp=ComponentInfo{org.telegram.messenger/org.telegram.messenger.DefaultIcon} }
04-13 17:06:08.135 19154 27407 E ActivityManagerWrapper: getRecentTasks: mainTaskId=27346   userId=0   baseIntent=Intent { act=null flag=335609856 cmp=ComponentInfo{com.amazon.mShop.android.shopping/com.amazon.mShop.httpUrlDeepLink.PublicUrlActivity} }
04-13 17:06:08.135 19154 27407 E ActivityManagerWrapper: getRecentTasks: mainTaskId=27334   userId=0   baseIntent=Intent { act=android.intent.action.VIEW flag=318767107 cmp=ComponentInfo{mega.privacy.android.app/mega.privacy.android.app.presentation.pdfviewer.PdfViewerActivity} }
04-13 17:06:08.135 19154 27407 E ActivityManagerWrapper: getRecentTasks: mainTaskId=27328   userId=0   baseIntent=Intent { act=android.intent.action.MAIN flag=270532608 cmp=ComponentInfo{com.suifitime.suifileexplorer.root.pro/com.suifitime.suifileexplorer.root.DocumentsActivity} }
04-13 17:06:08.135 19154 27407 E ActivityManagerWrapper: getRecentTasks: mainTaskId=27325   userId=0   baseIntent=Intent { act=android.intent.action.MAIN flag=270532608 cmp=ComponentInfo{com.google.android.apps.translate/com.google.android.apps.translate.TranslateActivity} }
04-13 17:06:08.135 19154 27407 E ActivityManagerWrapper: getRecentTasks: mainTaskId=27268   userId=0   baseIntent=Intent { act=null flag=805306368 cmp=ComponentInfo{com.vizta.wefly/com.moba.unityplugin.MobaGameUnityActivity} }
04-13 17:06:08.135 19154 27407 E ActivityManagerWrapper: getRecentTasks: mainTaskId=27322   userId=0   baseIntent=Intent { act=null flag=872415232 cmp=ComponentInfo{com.supercell.clashofclans/com.supercell.titan.GameApp} }
04-13 17:06:08.135 19154 27407 E ActivityManagerWrapper: getRecentTasks: mainTaskId=27241   userId=0   baseIntent=Intent { act=android.intent.action.MAIN flag=270532608 cmp=ComponentInfo{com.tippingcanoe.promodescuentos/com.pepper.apps.android.presentation.MainActivityDarkIcon} }
04-13 17:06:08.135 19154 27407 E ActivityManagerWrapper: getRecentTasks: mainTaskId=27320   userId=0   baseIntent=Intent { act=android.intent.action.MAIN flag=270532608 cmp=ComponentInfo{com.android.camera/com.android.camera.Camera} }
04-13 17:06:08.135 19154 27407 E ActivityManagerWrapper: getRecentTasks: mainTaskId=27318   userId=0   baseIntent=Intent { act=null flag=268435456 cmp=ComponentInfo{com.miui.android.fashiongallery/com.miui.cw.feature.ui.home.HomeActivity} }
04-13 17:06:08.135 19154 27407 E ActivityManagerWrapper: getRecentTasks: mainTaskId=27230   userId=0   baseIntent=Intent { act=android.intent.action.MAIN flag=268435456 cmp=ComponentInfo{com.duolingo/com.duolingo.splash.LaunchActivity} }
04-13 17:06:08.157 19154 19154 E FileUtils: err write to mi_exception_log
04-13 17:06:08.181  6257  6970 E FileUtils: err open mi_exception_log errno=2
04-13 17:06:08.181  6257  6970 E FileUtils: err write to mi_exception_log
04-13 17:06:08.208 19154 19182 E Launcher: notifyBackGestureStatus:run usingFsGesture=true   show=true   focus=false   pause=false
04-13 17:06:08.211 19154 19182 E Launcher: notifyBackGestureStatus:run usingFsGesture=true   show=true   focus=false   pause=false
04-13 17:06:08.222 19154 19154 E RotationHelper: setCurrentTransitionRequest: request=0
04-13 17:06:08.222 19154 19154 E RotationHelper: setCurrentTransitionRequest: request=0
04-13 17:06:08.267 19154 27407 E FileUtils: err open mi_exception_log errno=2
04-13 17:06:08.267 19154 27407 E FileUtils: err write to mi_exception_log
04-13 17:06:08.285  4177 13573 E DropBoxUtil: [DropboxRealtime] null InputStream [CONTEXT service_id=254 ]
04-13 17:06:08.285  4177 13573 E DropBoxUtil: java.io.IOException: null InputStream
04-13 17:06:08.285  4177 13573 E DropBoxUtil: 	at fhli.c(:com.google.android.gms@261332029@26.13.32 (190400-895912391):179)
04-13 17:06:08.285  4177 13573 E DropBoxUtil: 	at fhli.d(:com.google.android.gms@261332029@26.13.32 (190400-895912391):9)
04-13 17:06:08.285  4177 13573 E DropBoxUtil: 	at fhjq.i(:com.google.android.gms@261332029@26.13.32 (190400-895912391):321)
04-13 17:06:08.285  4177 13573 E DropBoxUtil: 	at fhha.d(:com.google.android.gms@261332029@26.13.32 (190400-895912391):1)
04-13 17:06:08.285  4177 13573 E DropBoxUtil: 	at fhjj.c(:com.google.android.gms@261332029@26.13.32 (190400-895912391):196)
04-13 17:06:08.285  4177 13573 E DropBoxUtil: 	at com.google.android.gms.stats.service.DropBoxEntryAddedChimeraService.a(:com.google.android.gms@261332029@26.13.32 (190400-895912391):183)
04-13 17:06:08.285  4177 13573 E DropBoxUtil: 	at com.google.android.gms.framework.tracing.wrapper.TracingIntentService.onHandleIntent(:com.google.android.gms@261332029@26.13.32 (190400-895912391):13)
04-13 17:06:08.285  4177 13573 E DropBoxUtil: 	at aapn.handleMessage(:com.google.android.gms@261332029@26.13.32 (190400-895912391):7)
04-13 17:06:08.285  4177 13573 E DropBoxUtil: 	at android.os.Handler.dispatchMessage(Handler.java:106)
04-13 17:06:08.285  4177 13573 E DropBoxUtil: 	at android.os.Looper.loopOnce(Looper.java:211)
04-13 17:06:08.285  4177 13573 E DropBoxUtil: 	at android.os.Looper.loop(Looper.java:300)
04-13 17:06:08.285  4177 13573 E DropBoxUtil: 	at android.os.HandlerThread.run(HandlerThread.java:67)
04-13 17:06:08.286  4177 13573 E DropBoxUtil: [DropboxRealtime] null InputStream [CONTEXT service_id=254 ]
04-13 17:06:08.286  4177 13573 E DropBoxUtil: java.io.IOException: null InputStream
04-13 17:06:08.286  4177 13573 E DropBoxUtil: 	at fhli.c(:com.google.android.gms@261332029@26.13.32 (190400-895912391):179)
04-13 17:06:08.286  4177 13573 E DropBoxUtil: 	at fhli.d(:com.google.android.gms@261332029@26.13.32 (190400-895912391):9)
04-13 17:06:08.286  4177 13573 E DropBoxUtil: 	at fhjq.i(:com.google.android.gms@261332029@26.13.32 (190400-895912391):321)
04-13 17:06:08.286  4177 13573 E DropBoxUtil: 	at fhha.d(:com.google.android.gms@261332029@26.13.32 (190400-895912391):1)
04-13 17:06:08.286  4177 13573 E DropBoxUtil: 	at fhjj.c(:com.google.android.gms@261332029@26.13.32 (190400-895912391):196)
04-13 17:06:08.286  4177 13573 E DropBoxUtil: 	at com.google.android.gms.stats.service.DropBoxEntryAddedChimeraService.a(:com.google.android.gms@261332029@26.13.32 (190400-895912391):183)
04-13 17:06:08.286  4177 13573 E DropBoxUtil: 	at com.google.android.gms.framework.tracing.wrapper.TracingIntentService.onHandleIntent(:com.google.android.gms@261332029@26.13.32 (190400-895912391):13)
04-13 17:06:08.286  4177 13573 E DropBoxUtil: 	at aapn.handleMessage(:com.google.android.gms@261332029@26.13.32 (190400-895912391):7)
04-13 17:06:08.286  4177 13573 E DropBoxUtil: 	at android.os.Handler.dispatchMessage(Handler.java:106)
04-13 17:06:08.286  4177 13573 E DropBoxUtil: 	at android.os.Looper.loopOnce(Looper.java:211)
04-13 17:06:08.286  4177 13573 E DropBoxUtil: 	at android.os.Looper.loop(Looper.java:300)
04-13 17:06:08.286  4177 13573 E DropBoxUtil: 	at android.os.HandlerThread.run(HandlerThread.java:67)
04-13 17:06:08.288  4177 13573 E DropBoxUtil: [DropboxRealtime] null InputStream [CONTEXT service_id=254 ]
04-13 17:06:08.288  4177 13573 E DropBoxUtil: java.io.IOException: null InputStream
04-13 17:06:08.288  4177 13573 E DropBoxUtil: 	at fhli.c(:com.google.android.gms@261332029@26.13.32 (190400-895912391):179)
04-13 17:06:08.288  4177 13573 E DropBoxUtil: 	at fhli.d(:com.google.android.gms@261332029@26.13.32 (190400-895912391):9)
04-13 17:06:08.288  4177 13573 E DropBoxUtil: 	at fhjq.i(:com.google.android.gms@261332029@26.13.32 (190400-895912391):321)
04-13 17:06:08.288  4177 13573 E DropBoxUtil: 	at fhha.d(:com.google.android.gms@261332029@26.13.32 (190400-895912391):1)
04-13 17:06:08.288  4177 13573 E DropBoxUtil: 	at fhjj.c(:com.google.android.gms@261332029@26.13.32 (190400-895912391):196)
04-13 17:06:08.288  4177 13573 E DropBoxUtil: 	at com.google.android.gms.stats.service.DropBoxEntryAddedChimeraService.a(:com.google.android.gms@261332029@26.13.32 (190400-895912391):183)
04-13 17:06:08.288  4177 13573 E DropBoxUtil: 	at com.google.android.gms.framework.tracing.wrapper.TracingIntentService.onHandleIntent(:com.google.android.gms@261332029@26.13.32 (190400-895912391):13)
04-13 17:06:08.288  4177 13573 E DropBoxUtil: 	at aapn.handleMessage(:com.google.android.gms@261332029@26.13.32 (190400-895912391):7)
04-13 17:06:08.288  4177 13573 E DropBoxUtil: 	at android.os.Handler.dispatchMessage(Handler.java:106)
04-13 17:06:08.288  4177 13573 E DropBoxUtil: 	at android.os.Looper.loopOnce(Looper.java:211)
04-13 17:06:08.288  4177 13573 E DropBoxUtil: 	at android.os.Looper.loop(Looper.java:300)
04-13 17:06:08.288  4177 13573 E DropBoxUtil: 	at android.os.HandlerThread.run(HandlerThread.java:67)
04-13 17:06:08.302  4177 13573 E FileUtils: err open mi_exception_log errno=2
04-13 17:06:08.302  4177 13573 E FileUtils: err write to mi_exception_log
04-13 17:06:09.125  1062  1105 E WifiStandalone: conditional wait timedout
04-13 17:06:09.635   804   893 E Situation: processEvent, handle:26, flush_action:0
04-13 17:06:10.469  9675  3332 E bt_stack: [ERROR:com_android_bluetooth_btservice_ActivityAttribution.cpp(172)] Failed to get ActivityAttribution Interface
04-13 17:06:10.478  9675  3332 E bt_stack: [ERROR:com_android_bluetooth_btservice_ActivityAttribution.cpp(172)] Failed to get ActivityAttribution Interface
04-13 17:06:10.549  3760  8882 E SLM-SRV-SLAService: readLine:
04-13 17:06:10.549  3760  8882 E SLM-SRV-SLAService: java.io.FileNotFoundException: /sys/class/thermal/thermal_message/balance_mode: open failed: ENOENT (No such file or directory)
04-13 17:06:10.549  3760  8882 E SLM-SRV-SLAService: 	at libcore.io.IoBridge.open(IoBridge.java:574)
04-13 17:06:10.549  3760  8882 E SLM-SRV-SLAService: 	at java.io.FileInputStream.<init>(FileInputStream.java:179)
04-13 17:06:10.549  3760  8882 E SLM-SRV-SLAService: 	at java.io.FileInputStream.<init>(FileInputStream.java:133)
04-13 17:06:10.549  3760  8882 E SLM-SRV-SLAService: 	at java.io.FileReader.<init>(FileReader.java:60)
04-13 17:06:10.549  3760  8882 E SLM-SRV-SLAService: 	at com.xiaomi.NetworkBoost.slaservice.SLAService.readLine(SLAService.java:1237)
04-13 17:06:10.549  3760  8882 E SLM-SRV-SLAService: 	at com.xiaomi.NetworkBoost.slaservice.SLAService.isPerformanceMode(SLAService.java:1262)
04-13 17:06:10.549  3760  8882 E SLM-SRV-SLAService: 	at com.xiaomi.NetworkBoost.slaservice.SLAService.checktemp(SLAService.java:1293)
04-13 17:06:10.549  3760  8882 E SLM-SRV-SLAService: 	at com.xiaomi.NetworkBoost.slaservice.SLAService.access$2500(SLAService.java:125)
04-13 17:06:10.549  3760  8882 E SLM-SRV-SLAService: 	at com.xiaomi.NetworkBoost.slaservice.SLAService$ThermalStateListener.onEvent(SLAService.java:1226)
04-13 17:06:10.549  3760  8882 E SLM-SRV-SLAService: 	at android.os.FileObserver$ObserverThread.onEvent(FileObserver.java:166)
04-13 17:06:10.549  3760  8882 E SLM-SRV-SLAService: 	at android.os.FileObserver$ObserverThread.observe(Native Method)
04-13 17:06:10.549  3760  8882 E SLM-SRV-SLAService: 	at android.os.FileObserver$ObserverThread.run(FileObserver.java:116)
04-13 17:06:10.549  3760  8882 E SLM-SRV-SLAService: Caused by: android.system.ErrnoException: open failed: ENOENT (No such file or directory)
04-13 17:06:10.549  3760  8882 E SLM-SRV-SLAService: 	at libcore.io.Linux.open(Native Method)
04-13 17:06:10.549  3760  8882 E SLM-SRV-SLAService: 	at libcore.io.ForwardingOs.open(ForwardingOs.java:574)
04-13 17:06:10.549  3760  8882 E SLM-SRV-SLAService: 	at libcore.io.BlockGuardOs.open(BlockGuardOs.java:274)
04-13 17:06:10.549  3760  8882 E SLM-SRV-SLAService: 	at libcore.io.ForwardingOs.open(ForwardingOs.java:574)
04-13 17:06:10.549  3760  8882 E SLM-SRV-SLAService: 	at android.app.ActivityThread$AndroidOs.open(ActivityThread.java:8108)
04-13 17:06:10.549  3760  8882 E SLM-SRV-SLAService: 	at libcore.io.IoBridge.open(IoBridge.java:560)
04-13 17:06:10.549  3760  8882 E SLM-SRV-SLAService: 	... 11 more
04-13 17:06:10.550  3760  8882 E SLM-SRV-SLAService: readLine:
04-13 17:06:10.550  3760  8882 E SLM-SRV-SLAService: java.io.FileNotFoundException: /sys/class/thermal/thermal_message/balance_mode: open failed: ENOENT (No such file or directory)
04-13 17:06:10.550  3760  8882 E SLM-SRV-SLAService: 	at libcore.io.IoBridge.open(IoBridge.java:574)
04-13 17:06:10.550  3760  8882 E SLM-SRV-SLAService: 	at java.io.FileInputStream.<init>(FileInputStream.java:179)
04-13 17:06:10.550  3760  8882 E SLM-SRV-SLAService: 	at java.io.FileInputStream.<init>(FileInputStream.java:133)
04-13 17:06:10.550  3760  8882 E SLM-SRV-SLAService: 	at java.io.FileReader.<init>(FileReader.java:60)
04-13 17:06:10.550  3760  8882 E SLM-SRV-SLAService: 	at com.xiaomi.NetworkBoost.slaservice.SLAService.readLine(SLAService.java:1237)
04-13 17:06:10.550  3760  8882 E SLM-SRV-SLAService: 	at com.xiaomi.NetworkBoost.slaservice.SLAService.isPerformanceMode(SLAService.java:1262)
04-13 17:06:10.550  3760  8882 E SLM-SRV-SLAService: 	at com.xiaomi.NetworkBoost.slaservice.SLAService.checktemp(SLAService.java:1294)
04-13 17:06:10.550  3760  8882 E SLM-SRV-SLAService: 	at com.xiaomi.NetworkBoost.slaservice.SLAService.access$2500(SLAService.java:125)
04-13 17:06:10.550  3760  8882 E SLM-SRV-SLAService: 	at com.xiaomi.NetworkBoost.slaservice.SLAService$ThermalStateListener.onEvent(SLAService.java:1226)
04-13 17:06:10.550  3760  8882 E SLM-SRV-SLAService: 	at android.os.FileObserver$ObserverThread.onEvent(FileObserver.java:166)
04-13 17:06:10.550  3760  8882 E SLM-SRV-SLAService: 	at android.os.FileObserver$ObserverThread.observe(Native Method)
04-13 17:06:10.550  3760  8882 E SLM-SRV-SLAService: 	at android.os.FileObserver$ObserverThread.run(FileObserver.java:116)
04-13 17:06:10.550  3760  8882 E SLM-SRV-SLAService: Caused by: android.system.ErrnoException: open failed: ENOENT (No such file or directory)
04-13 17:06:10.550  3760  8882 E SLM-SRV-SLAService: 	at libcore.io.Linux.open(Native Method)
04-13 17:06:10.550  3760  8882 E SLM-SRV-SLAService: 	at libcore.io.ForwardingOs.open(ForwardingOs.java:574)
04-13 17:06:10.550  3760  8882 E SLM-SRV-SLAService: 	at libcore.io.BlockGuardOs.open(BlockGuardOs.java:274)
04-13 17:06:10.550  3760  8882 E SLM-SRV-SLAService: 	at libcore.io.ForwardingOs.open(ForwardingOs.java:574)
04-13 17:06:10.550  3760  8882 E SLM-SRV-SLAService: 	at android.app.ActivityThread$AndroidOs.open(ActivityThread.java:8108)
04-13 17:06:10.550  3760  8882 E SLM-SRV-SLAService: 	at libcore.io.IoBridge.open(IoBridge.java:560)
04-13 17:06:10.550  3760  8882 E SLM-SRV-SLAService: 	... 11 more
04-13 17:06:11.004 12689 13436 E FbnsAIDLClientManager: Max Try reached for binding to FbnsAIDLService, threadId 11676
04-13 17:06:11.005 12689 13436 E FbnsAIDLClientManager: Fbns AIDL request got RemoteException
04-13 17:06:11.005 12689 13436 E FbnsAIDLClientManager: android.os.RemoteException: AIDLService is not bound
04-13 17:06:11.005 12689 13436 E FbnsAIDLClientManager: 	at X.9kk.call(Unknown Source:376)
04-13 17:06:11.005 12689 13436 E FbnsAIDLClientManager: 	at java.util.concurrent.FutureTask.run(FutureTask.java:317)
04-13 17:06:11.005 12689 13436 E FbnsAIDLClientManager: 	at java.util.concurrent.ThreadPoolExecutor.runWorker(ThreadPoolExecutor.java:1154)
04-13 17:06:11.005 12689 13436 E FbnsAIDLClientManager: 	at java.util.concurrent.ThreadPoolExecutor$Worker.run(ThreadPoolExecutor.java:652)
04-13 17:06:11.005 12689 13436 E FbnsAIDLClientManager: 	at java.lang.Thread.run(Thread.java:1564)
04-13 17:06:20.549  3760  8882 E SLM-SRV-SLAService: readLine:
04-13 17:06:20.549  3760  8882 E SLM-SRV-SLAService: java.io.FileNotFoundException: /sys/class/thermal/thermal_message/balance_mode: open failed: ENOENT (No such file or directory)
04-13 17:06:20.549  3760  8882 E SLM-SRV-SLAService: 	at libcore.io.IoBridge.open(IoBridge.java:574)
04-13 17:06:20.549  3760  8882 E SLM-SRV-SLAService: 	at java.io.FileInputStream.<init>(FileInputStream.java:179)
04-13 17:06:20.549  3760  8882 E SLM-SRV-SLAService: 	at java.io.FileInputStream.<init>(FileInputStream.java:133)
04-13 17:06:20.549  3760  8882 E SLM-SRV-SLAService: 	at java.io.FileReader.<init>(FileReader.java:60)
04-13 17:06:20.549  3760  8882 E SLM-SRV-SLAService: 	at com.xiaomi.NetworkBoost.slaservice.SLAService.readLine(SLAService.java:1237)
04-13 17:06:20.549  3760  8882 E SLM-SRV-SLAService: 	at com.xiaomi.NetworkBoost.slaservice.SLAService.isPerformanceMode(SLAService.java:1262)
04-13 17:06:20.549  3760  8882 E SLM-SRV-SLAService: 	at com.xiaomi.NetworkBoost.slaservice.SLAService.checktemp(SLAService.java:1293)
04-13 17:06:20.549  3760  8882 E SLM-SRV-SLAService: 	at com.xiaomi.NetworkBoost.slaservice.SLAService.access$2500(SLAService.java:125)
04-13 17:06:20.549  3760  8882 E SLM-SRV-SLAService: 	at com.xiaomi.NetworkBoost.slaservice.SLAService$ThermalStateListener.onEvent(SLAService.java:1226)
04-13 17:06:20.549  3760  8882 E SLM-SRV-SLAService: 	at android.os.FileObserver$ObserverThread.onEvent(FileObserver.java:166)
04-13 17:06:20.549  3760  8882 E SLM-SRV-SLAService: 	at android.os.FileObserver$ObserverThread.observe(Native Method)
04-13 17:06:20.549  3760  8882 E SLM-SRV-SLAService: 	at android.os.FileObserver$ObserverThread.run(FileObserver.java:116)
04-13 17:06:20.549  3760  8882 E SLM-SRV-SLAService: Caused by: android.system.ErrnoException: open failed: ENOENT (No such file or directory)
04-13 17:06:20.549  3760  8882 E SLM-SRV-SLAService: 	at libcore.io.Linux.open(Native Method)
04-13 17:06:20.549  3760  8882 E SLM-SRV-SLAService: 	at libcore.io.ForwardingOs.open(ForwardingOs.java:574)
04-13 17:06:20.549  3760  8882 E SLM-SRV-SLAService: 	at libcore.io.BlockGuardOs.open(BlockGuardOs.java:274)
04-13 17:06:20.549  3760  8882 E SLM-SRV-SLAService: 	at libcore.io.ForwardingOs.open(ForwardingOs.java:574)
04-13 17:06:20.549  3760  8882 E SLM-SRV-SLAService: 	at android.app.ActivityThread$AndroidOs.open(ActivityThread.java:8108)
04-13 17:06:20.549  3760  8882 E SLM-SRV-SLAService: 	at libcore.io.IoBridge.open(IoBridge.java:560)
04-13 17:06:20.549  3760  8882 E SLM-SRV-SLAService: 	... 11 more
04-13 17:06:20.550  3760  8882 E SLM-SRV-SLAService: readLine:
04-13 17:06:20.550  3760  8882 E SLM-SRV-SLAService: java.io.FileNotFoundException: /sys/class/thermal/thermal_message/balance_mode: open failed: ENOENT (No such file or directory)
04-13 17:06:20.550  3760  8882 E SLM-SRV-SLAService: 	at libcore.io.IoBridge.open(IoBridge.java:574)
04-13 17:06:20.550  3760  8882 E SLM-SRV-SLAService: 	at java.io.FileInputStream.<init>(FileInputStream.java:179)
04-13 17:06:20.550  3760  8882 E SLM-SRV-SLAService: 	at java.io.FileInputStream.<init>(FileInputStream.java:133)
04-13 17:06:20.550  3760  8882 E SLM-SRV-SLAService: 	at java.io.FileReader.<init>(FileReader.java:60)
04-13 17:06:20.550  3760  8882 E SLM-SRV-SLAService: 	at com.xiaomi.NetworkBoost.slaservice.SLAService.readLine(SLAService.java:1237)
04-13 17:06:20.550  3760  8882 E SLM-SRV-SLAService: 	at com.xiaomi.NetworkBoost.slaservice.SLAService.isPerformanceMode(SLAService.java:1262)
04-13 17:06:20.550  3760  8882 E SLM-SRV-SLAService: 	at com.xiaomi.NetworkBoost.slaservice.SLAService.checktemp(SLAService.java:1294)
04-13 17:06:20.550  3760  8882 E SLM-SRV-SLAService: 	at com.xiaomi.NetworkBoost.slaservice.SLAService.access$2500(SLAService.java:125)
04-13 17:06:20.550  3760  8882 E SLM-SRV-SLAService: 	at com.xiaomi.NetworkBoost.slaservice.SLAService$ThermalStateListener.onEvent(SLAService.java:1226)
04-13 17:06:20.550  3760  8882 E SLM-SRV-SLAService: 	at android.os.FileObserver$ObserverThread.onEvent(FileObserver.java:166)
04-13 17:06:20.550  3760  8882 E SLM-SRV-SLAService: 	at android.os.FileObserver$ObserverThread.observe(Native Method)
04-13 17:06:20.550  3760  8882 E SLM-SRV-SLAService: 	at android.os.FileObserver$ObserverThread.run(FileObserver.java:116)
04-13 17:06:20.550  3760  8882 E SLM-SRV-SLAService: Caused by: android.system.ErrnoException: open failed: ENOENT (No such file or directory)
04-13 17:06:20.550  3760  8882 E SLM-SRV-SLAService: 	at libcore.io.Linux.open(Native Method)
04-13 17:06:20.550  3760  8882 E SLM-SRV-SLAService: 	at libcore.io.ForwardingOs.open(ForwardingOs.java:574)
04-13 17:06:20.550  3760  8882 E SLM-SRV-SLAService: 	at libcore.io.BlockGuardOs.open(BlockGuardOs.java:274)
04-13 17:06:20.550  3760  8882 E SLM-SRV-SLAService: 	at libcore.io.ForwardingOs.open(ForwardingOs.java:574)
04-13 17:06:20.550  3760  8882 E SLM-SRV-SLAService: 	at android.app.ActivityThread$AndroidOs.open(ActivityThread.java:8108)
04-13 17:06:20.550  3760  8882 E SLM-SRV-SLAService: 	at libcore.io.IoBridge.open(IoBridge.java:560)
04-13 17:06:20.550  3760  8882 E SLM-SRV-SLAService: 	... 11 more
04-13 17:06:28.366   811   811 E android.hardware.lights-service.mediatek: Lights id=0, size=6
04-13 17:06:28.366   811   811 E android.hardware.lights-service.mediatek: Lights color=0x2c2, FlashMode=0,0,0
04-13 17:06:28.380   811   811 E android.hardware.lights-service.mediatek: Lights id=0, size=6
04-13 17:06:28.381   811   811 E android.hardware.lights-service.mediatek: Lights color=0x2aa, FlashMode=0,0,0
04-13 17:06:28.398   811   811 E android.hardware.lights-service.mediatek: Lights id=0, size=6
04-13 17:06:28.398   811   811 E android.hardware.lights-service.mediatek: Lights color=0x292, FlashMode=0,0,0
04-13 17:06:28.414   811   811 E android.hardware.lights-service.mediatek: Lights id=0, size=6
04-13 17:06:28.414   811   811 E android.hardware.lights-service.mediatek: Lights color=0x27a, FlashMode=0,0,0
04-13 17:06:28.431   811   811 E android.hardware.lights-service.mediatek: Lights id=0, size=6
04-13 17:06:28.431   811   811 E android.hardware.lights-service.mediatek: Lights color=0x262, FlashMode=0,0,0
04-13 17:06:28.448   811   811 E android.hardware.lights-service.mediatek: Lights id=0, size=6
04-13 17:06:28.448   811   811 E android.hardware.lights-service.mediatek: Lights color=0x24a, FlashMode=0,0,0
04-13 17:06:28.465   811   811 E android.hardware.lights-service.mediatek: Lights id=0, size=6
04-13 17:06:28.465   811   811 E android.hardware.lights-service.mediatek: Lights color=0x232, FlashMode=0,0,0
04-13 17:06:28.480   811   811 E android.hardware.lights-service.mediatek: Lights id=0, size=6
04-13 17:06:28.480   811   811 E android.hardware.lights-service.mediatek: Lights color=0x21a, FlashMode=0,0,0
04-13 17:06:28.498   811   811 E android.hardware.lights-service.mediatek: Lights id=0, size=6
04-13 17:06:28.498   811   811 E android.hardware.lights-service.mediatek: Lights color=0x202, FlashMode=0,0,0
04-13 17:06:28.513   811   811 E android.hardware.lights-service.mediatek: Lights id=0, size=6
04-13 17:06:28.513   811   811 E android.hardware.lights-service.mediatek: Lights color=0x1ea, FlashMode=0,0,0
04-13 17:06:28.531   811   811 E android.hardware.lights-service.mediatek: Lights id=0, size=6
04-13 17:06:28.531   811   811 E android.hardware.lights-service.mediatek: Lights color=0x1d2, FlashMode=0,0,0
04-13 17:06:28.548   811   811 E android.hardware.lights-service.mediatek: Lights id=0, size=6
04-13 17:06:28.548   811   811 E android.hardware.lights-service.mediatek: Lights color=0x1ba, FlashMode=0,0,0
04-13 17:06:28.564   811   811 E android.hardware.lights-service.mediatek: Lights id=0, size=6
04-13 17:06:28.565   811   811 E android.hardware.lights-service.mediatek: Lights color=0x1a2, FlashMode=0,0,0
04-13 17:06:28.581   811   811 E android.hardware.lights-service.mediatek: Lights id=0, size=6
04-13 17:06:28.581   811   811 E android.hardware.lights-service.mediatek: Lights color=0x18a, FlashMode=0,0,0
04-13 17:06:28.597   811   811 E android.hardware.lights-service.mediatek: Lights id=0, size=6
04-13 17:06:28.598   811   811 E android.hardware.lights-service.mediatek: Lights color=0x172, FlashMode=0,0,0
04-13 17:06:28.614   811   811 E android.hardware.lights-service.mediatek: Lights id=0, size=6
04-13 17:06:28.614   811   811 E android.hardware.lights-service.mediatek: Lights color=0x15a, FlashMode=0,0,0
04-13 17:06:28.630   811   811 E android.hardware.lights-service.mediatek: Lights id=0, size=6
04-13 17:06:28.631   811   811 E android.hardware.lights-service.mediatek: Lights color=0x142, FlashMode=0,0,0
04-13 17:06:28.647   811   811 E android.hardware.lights-service.mediatek: Lights id=0, size=6
04-13 17:06:28.647   811   811 E android.hardware.lights-service.mediatek: Lights color=0x12a, FlashMode=0,0,0
04-13 17:06:28.664   811   811 E android.hardware.lights-service.mediatek: Lights id=0, size=6
04-13 17:06:28.664   811   811 E android.hardware.lights-service.mediatek: Lights color=0x112, FlashMode=0,0,0
04-13 17:06:28.680   811   811 E android.hardware.lights-service.mediatek: Lights id=0, size=6
04-13 17:06:28.681   811   811 E android.hardware.lights-service.mediatek: Lights color=0xfa, FlashMode=0,0,0
04-13 17:06:28.697   811   811 E android.hardware.lights-service.mediatek: Lights id=0, size=6
04-13 17:06:28.697   811   811 E android.hardware.lights-service.mediatek: Lights color=0xe2, FlashMode=0,0,0
04-13 17:06:28.714   811   811 E android.hardware.lights-service.mediatek: Lights id=0, size=6
04-13 17:06:28.714   811   811 E android.hardware.lights-service.mediatek: Lights color=0xca, FlashMode=0,0,0
04-13 17:06:28.730   811   811 E android.hardware.lights-service.mediatek: Lights id=0, size=6
04-13 17:06:28.730   811   811 E android.hardware.lights-service.mediatek: Lights color=0xb2, FlashMode=0,0,0
04-13 17:06:28.747   811   811 E android.hardware.lights-service.mediatek: Lights id=0, size=6
04-13 17:06:28.747   811   811 E android.hardware.lights-service.mediatek: Lights color=0x9a, FlashMode=0,0,0
04-13 17:06:28.763   811   811 E android.hardware.lights-service.mediatek: Lights id=0, size=6
04-13 17:06:28.764   811   811 E android.hardware.lights-service.mediatek: Lights color=0x82, FlashMode=0,0,0
04-13 17:06:28.780   811   811 E android.hardware.lights-service.mediatek: Lights id=0, size=6
04-13 17:06:28.780   811   811 E android.hardware.lights-service.mediatek: Lights color=0x6a, FlashMode=0,0,0
04-13 17:06:28.796   811   811 E android.hardware.lights-service.mediatek: Lights id=0, size=6
04-13 17:06:28.796   811   811 E android.hardware.lights-service.mediatek: Lights color=0x52, FlashMode=0,0,0
04-13 17:06:28.813   811   811 E android.hardware.lights-service.mediatek: Lights id=0, size=6
04-13 17:06:28.813   811   811 E android.hardware.lights-service.mediatek: Lights color=0x3a, FlashMode=0,0,0
04-13 17:06:28.830   811   811 E android.hardware.lights-service.mediatek: Lights id=0, size=6
04-13 17:06:28.830   811   811 E android.hardware.lights-service.mediatek: Lights color=0x22, FlashMode=0,0,0
04-13 17:06:28.846   811   811 E android.hardware.lights-service.mediatek: Lights id=0, size=6
04-13 17:06:28.846   811   811 E android.hardware.lights-service.mediatek: Lights color=0x16, FlashMode=0,0,0
04-13 17:06:29.129  1062  1105 E WifiStandalone: conditional wait timedout
04-13 17:06:30.550  3760  8882 E SLM-SRV-SLAService: readLine:
04-13 17:06:30.550  3760  8882 E SLM-SRV-SLAService: java.io.FileNotFoundException: /sys/class/thermal/thermal_message/balance_mode: open failed: ENOENT (No such file or directory)
04-13 17:06:30.550  3760  8882 E SLM-SRV-SLAService: 	at libcore.io.IoBridge.open(IoBridge.java:574)
04-13 17:06:30.550  3760  8882 E SLM-SRV-SLAService: 	at java.io.FileInputStream.<init>(FileInputStream.java:179)
04-13 17:06:30.550  3760  8882 E SLM-SRV-SLAService: 	at java.io.FileInputStream.<init>(FileInputStream.java:133)
04-13 17:06:30.550  3760  8882 E SLM-SRV-SLAService: 	at java.io.FileReader.<init>(FileReader.java:60)
04-13 17:06:30.550  3760  8882 E SLM-SRV-SLAService: 	at com.xiaomi.NetworkBoost.slaservice.SLAService.readLine(SLAService.java:1237)
04-13 17:06:30.550  3760  8882 E SLM-SRV-SLAService: 	at com.xiaomi.NetworkBoost.slaservice.SLAService.isPerformanceMode(SLAService.java:1262)
04-13 17:06:30.550  3760  8882 E SLM-SRV-SLAService: 	at com.xiaomi.NetworkBoost.slaservice.SLAService.checktemp(SLAService.java:1293)
04-13 17:06:30.550  3760  8882 E SLM-SRV-SLAService: 	at com.xiaomi.NetworkBoost.slaservice.SLAService.access$2500(SLAService.java:125)
04-13 17:06:30.550  3760  8882 E SLM-SRV-SLAService: 	at com.xiaomi.NetworkBoost.slaservice.SLAService$ThermalStateListener.onEvent(SLAService.java:1226)
04-13 17:06:30.550  3760  8882 E SLM-SRV-SLAService: 	at android.os.FileObserver$ObserverThread.onEvent(FileObserver.java:166)
04-13 17:06:30.550  3760  8882 E SLM-SRV-SLAService: 	at android.os.FileObserver$ObserverThread.observe(Native Method)
04-13 17:06:30.550  3760  8882 E SLM-SRV-SLAService: 	at android.os.FileObserver$ObserverThread.run(FileObserver.java:116)
04-13 17:06:30.550  3760  8882 E SLM-SRV-SLAService: Caused by: android.system.ErrnoException: open failed: ENOENT (No such file or directory)
04-13 17:06:30.550  3760  8882 E SLM-SRV-SLAService: 	at libcore.io.Linux.open(Native Method)
04-13 17:06:30.550  3760  8882 E SLM-SRV-SLAService: 	at libcore.io.ForwardingOs.open(ForwardingOs.java:574)
04-13 17:06:30.550  3760  8882 E SLM-SRV-SLAService: 	at libcore.io.BlockGuardOs.open(BlockGuardOs.java:274)
04-13 17:06:30.550  3760  8882 E SLM-SRV-SLAService: 	at libcore.io.ForwardingOs.open(ForwardingOs.java:574)
04-13 17:06:30.550  3760  8882 E SLM-SRV-SLAService: 	at android.app.ActivityThread$AndroidOs.open(ActivityThread.java:8108)
04-13 17:06:30.550  3760  8882 E SLM-SRV-SLAService: 	at libcore.io.IoBridge.open(IoBridge.java:560)
04-13 17:06:30.550  3760  8882 E SLM-SRV-SLAService: 	... 11 more
04-13 17:06:30.550  3760  8882 E SLM-SRV-SLAService: readLine:
04-13 17:06:30.550  3760  8882 E SLM-SRV-SLAService: java.io.FileNotFoundException: /sys/class/thermal/thermal_message/balance_mode: open failed: ENOENT (No such file or directory)
04-13 17:06:30.550  3760  8882 E SLM-SRV-SLAService: 	at libcore.io.IoBridge.open(IoBridge.java:574)
04-13 17:06:30.550  3760  8882 E SLM-SRV-SLAService: 	at java.io.FileInputStream.<init>(FileInputStream.java:179)
04-13 17:06:30.550  3760  8882 E SLM-SRV-SLAService: 	at java.io.FileInputStream.<init>(FileInputStream.java:133)
04-13 17:06:30.550  3760  8882 E SLM-SRV-SLAService: 	at java.io.FileReader.<init>(FileReader.java:60)
04-13 17:06:30.550  3760  8882 E SLM-SRV-SLAService: 	at com.xiaomi.NetworkBoost.slaservice.SLAService.readLine(SLAService.java:1237)
04-13 17:06:30.550  3760  8882 E SLM-SRV-SLAService: 	at com.xiaomi.NetworkBoost.slaservice.SLAService.isPerformanceMode(SLAService.java:1262)
04-13 17:06:30.550  3760  8882 E SLM-SRV-SLAService: 	at com.xiaomi.NetworkBoost.slaservice.SLAService.checktemp(SLAService.java:1294)
04-13 17:06:30.550  3760  8882 E SLM-SRV-SLAService: 	at com.xiaomi.NetworkBoost.slaservice.SLAService.access$2500(SLAService.java:125)
04-13 17:06:30.550  3760  8882 E SLM-SRV-SLAService: 	at com.xiaomi.NetworkBoost.slaservice.SLAService$ThermalStateListener.onEvent(SLAService.java:1226)
04-13 17:06:30.550  3760  8882 E SLM-SRV-SLAService: 	at android.os.FileObserver$ObserverThread.onEvent(FileObserver.java:166)
04-13 17:06:30.550  3760  8882 E SLM-SRV-SLAService: 	at android.os.FileObserver$ObserverThread.observe(Native Method)
04-13 17:06:30.550  3760  8882 E SLM-SRV-SLAService: 	at android.os.FileObserver$ObserverThread.run(FileObserver.java:116)
04-13 17:06:30.550  3760  8882 E SLM-SRV-SLAService: Caused by: android.system.ErrnoException: open failed: ENOENT (No such file or directory)
04-13 17:06:30.550  3760  8882 E SLM-SRV-SLAService: 	at libcore.io.Linux.open(Native Method)
04-13 17:06:30.550  3760  8882 E SLM-SRV-SLAService: 	at libcore.io.ForwardingOs.open(ForwardingOs.java:574)
04-13 17:06:30.550  3760  8882 E SLM-SRV-SLAService: 	at libcore.io.BlockGuardOs.open(BlockGuardOs.java:274)
04-13 17:06:30.550  3760  8882 E SLM-SRV-SLAService: 	at libcore.io.ForwardingOs.open(ForwardingOs.java:574)
04-13 17:06:30.550  3760  8882 E SLM-SRV-SLAService: 	at android.app.ActivityThread$AndroidOs.open(ActivityThread.java:8108)
04-13 17:06:30.550  3760  8882 E SLM-SRV-SLAService: 	at libcore.io.IoBridge.open(IoBridge.java:560)
04-13 17:06:30.550  3760  8882 E SLM-SRV-SLAService: 	... 11 more
04-13 17:06:31.129  1556  1722 E AlarmManager: Attempt to decrement existing alarm count 0 by 1 for uid 1000
04-13 17:06:31.342   617  2362 E android.system.suspend@1.0-service: Error opening kernel wakelock stats for: wakeup118 (../../devices/platform/maxim_ds28e16/power_supply/batt_verify/wakeup118): Permission denied
04-13 17:06:31.357   617  2362 E android.system.suspend@1.0-service: Error opening kernel wakelock stats for: wakeup126 (../../devices/platform/1101a000.i2c7/i2c-7/7-0051/power_supply/ln8000/wakeup126): Permission denied
04-13 17:06:31.378   617  2362 E android.system.suspend@1.0-service: Error opening kernel wakelock stats for: wakeup162 (../../devices/platform/1100a000.spi0/spi_master/spi0/spi0.0/wakeup/wakeup162): Permission denied
04-13 17:06:31.382   617  2362 E android.system.suspend@1.0-service: Error opening kernel wakelock stats for: wakeup124 (../../devices/platform/battery/power_supply/bms/wakeup124): Permission denied
04-13 17:06:31.390   617  2362 E android.system.suspend@1.0-service: Error opening kernel wakelock stats for: wakeup114 (../../devices/platform/1000d000.pwrap/1000d000.pwrap:mt6359-pmic/mt6359-rtc/wakeup/wakeup114): Permission denied
04-13 17:06:31.414   617  2362 E android.system.suspend@1.0-service: Error opening kernel wakelock stats for: wakeup99 (../../devices/platform/15028000.dpe/wakeup/wakeup99): Permission denied
04-13 17:06:31.425   617  2362 E android.system.suspend@1.0-service: Error opening kernel wakelock stats for: wakeup100 (../../devices/platform/1502e000.mfb/wakeup/wakeup100): Permission denied
04-13 17:06:31.425   617  2362 E android.system.suspend@1.0-service: Error opening kernel wakelock stats for: wakeup97 (../../devices/platform/1502a000.wpe_a/wakeup/wakeup97): Permission denied
04-13 17:06:31.426   617  2362 E android.system.suspend@1.0-service: Error opening kernel wakelock stats for: wakeup129 (../../devices/platform/1000d000.pwrap/1000d000.pwrap:mt6359-pmic/mt635x-auxadc/wakeup/wakeup129): Permission denied
04-13 17:06:31.429   617  2362 E android.system.suspend@1.0-service: Error opening kernel wakelock stats for: wakeup147 (../../devices/platform/mt_charger/power_supply/main/wakeup147): Permission denied
04-13 17:06:31.429   617  2362 E android.system.suspend@1.0-service: Error opening kernel wakelock stats for: wakeup5 (../../devices/platform/10600000.adsp_core0/wakeup/wakeup5): Permission denied
04-13 17:06:31.434   617  2362 E android.system.suspend@1.0-service: Error opening kernel wakelock stats for: wakeup127 (../../devices/platform/1101a000.i2c7/i2c-7/7-0051/wakeup/wakeup127): Permission denied
04-13 17:06:31.437   617  2362 E android.system.suspend@1.0-service: Error opening kernel wakelock stats for: wakeup117 (../../devices/platform/11016000.i2c5/i2c-5/5-0034/mt6360_pmu_chg.2.auto/wakeup/wakeup117): Permission denied
04-13 17:06:31.446   617  2362 E android.system.suspend@1.0-service: Error opening kernel wakelock stats for: wakeup1 (../../devices/platform/10228000.gce/wakeup/wakeup1): Permission denied
04-13 17:06:31.460   617  2362 E android.system.suspend@1.0-service: Error opening kernel wakelock stats for: wakeup98 (../../devices/platform/1502a000.wpe_a/wakeup/wakeup98): Permission denied
04-13 17:06:31.465   617  2362 E android.system.suspend@1.0-service: Error opening kernel wakelock stats for: wakeup96 (../../devices/platform/1a000000.camsysisp/wakeup/wakeup96): Permission denied
04-13 17:06:31.470  1556  1611 E FileUtils: err open mi_exception_log errno=2
04-13 17:06:31.470  1556  1611 E FileUtils: err write to mi_exception_log
04-13 17:06:31.535 11557 13619 E FileUtils: err open mi_exception_log errno=2
04-13 17:06:31.535 11557 13619 E FileUtils: err write to mi_exception_log
04-13 17:06:32.589  4422  5788 E FileUtils: err open mi_exception_log errno=2
04-13 17:06:32.589  4422  5788 E FileUtils: err write to mi_exception_log
04-13 17:06:33.098  1556  1583 E FileUtils: err open mi_exception_log errno=2
04-13 17:06:33.098  1556  1583 E FileUtils: err write to mi_exception_log
04-13 17:06:36.766 13639 13639 E ClobalConstants: getMusicPid musicPid=-1
04-13 17:06:36.784 13639 13639 E AppVersionCheckHelper: PassportLog@A2^6C[Y2hlY2tBcHBWZXJzaW9uPj4+Y2FjaGVBcHBWZXJzaW9uPTU0OTIgIGN1ckFwcFZlcnNpb249NTQ5Mg==]
04-13 17:06:36.784 13639 13639 E XiaomiAccountManager: PassportLog@A2^6C[c2V0dXAgdHJ1ZQ==]
04-13 17:06:36.790 13639 13639 E XiaomiAccountManager: PassportLog@A2^6C[Y2FsbGVyIHNpZ25hdHVyZSA9IEFwcFNpZ25hdHVyZUhhc2h7c2hhMT0nN0I2REM3MDc5QzM0NzM5Q0U4MTE1OTcxOUZCNUVCNjFEMkEwMzIyNScsIG1kNT0nNzAxNDc4QTFFM0I0QjdFMzk3OEVBNjk0Njk0MTBGMTMnfQ==]
04-13 17:06:36.790 13639 13639 E XiaomiAccountManager: PassportLog@A2^6C[c3lzIGFjY291bnQgc2lnbmF0dXJlID0gQXBwU2lnbmF0dXJlSGFzaHtzaGExPSc3QjZEQzcwNzlDMzQ3MzlDRTgxMTU5NzE5RkI1RUI2MUQyQTAzMjI1JywgbWQ1PSc3MDE0NzhBMUUzQjRCN0UzOTc4RUE2OTQ2OTQxMEYxMyd9]
04-13 17:06:36.791 13639 13639 E XiaomiAccountManager: PassportLog@A2^6C[aGFzIHN5c3RlbSBhY2NvdW50IGFwcCBhbmQgY3VycmVudCBjb20ubWl1aS5wbGF5ZXIgaGFzIHNhbWUgc2lnbmF0dXJl]
04-13 17:06:36.821 13639 13680 E brand   : xiaomi
04-13 17:06:36.829 13639 13680 E DeviceUtils: static init: ComputilityLevel Load Class Exception:java.lang.ClassNotFoundException: Didn't find class "com.miui.performance.ComputilityLevelUtils" on path: DexPathList[[zip file "/system/framework/MiuiBooster.jar"],nativeLibraryDirectories=[/system/lib64, /system_ext/lib64]]
04-13 17:06:36.829 13639 13680 E DeviceUtils: static init(): Load MiuiMiddle Class Exception:java.lang.NoSuchMethodException: com.miui.performance.DeviceLevelUtils.getMiuiMiddleVersion []
04-13 17:06:36.873 13639 13639 E brand   : xiaomi
04-13 17:06:36.885 13639 13639 E FileUtils: err open mi_exception_log errno=2
04-13 17:06:36.885 13639 13639 E FileUtils: err write to mi_exception_log
04-13 17:06:36.941 13639 13678 E FileUtils: err open mi_exception_log errno=2
04-13 17:06:36.941 13639 13678 E FileUtils: err write to mi_exception_log
04-13 17:06:37.044 15648 21566 E FileUtils: err open mi_exception_log errno=2
04-13 17:06:37.044 15648 21566 E FileUtils: err write to mi_exception_log
04-13 17:06:37.137 15648 21566 E FileUtils: err open mi_exception_log errno=2
04-13 17:06:37.137 15648 21566 E FileUtils: err write to mi_exception_log
04-13 17:06:37.208 13639 13775 E com.miui.player: No package ID 6a found for ID 0x6a0b0013.
04-13 17:06:37.360   879   937 E HWComposer: getSupportedContentTypes: getSupportedContentTypes failed for display 0: Unsupported (8)
04-13 17:06:37.383  2166  2166 E miui_face: start face unlock fail, mKeyguardShowing =false;isDeviceInteractive =false;isSwitchingUser =false;isKeyguardGoingAway =false
04-13 17:06:37.389  1217  1419 E fpc_tac : fpc_irq_wait {{16,10,0},{14,1,1}}
04-13 17:06:37.389  1217  1419 E fpc_tac : fpc_irq_wait error -7
04-13 17:06:37.416  1556  1634 E FileUtils: err open mi_exception_log errno=2
04-13 17:06:37.416  1556  1634 E FileUtils: err write to mi_exception_log
04-13 17:06:37.537   811   811 E android.hardware.lights-service.mediatek: Lights id=0, size=6
04-13 17:06:37.537   811   811 E android.hardware.lights-service.mediatek: Lights color=0x0, FlashMode=0,0,0
04-13 17:06:37.551   804   804 E SensorManager: Correct handle(4) mindelay: 200000000 old: 1000000
04-13 17:06:37.588  1556  1634 E FileUtils: err open mi_exception_log errno=2
04-13 17:06:37.588  1556  1634 E FileUtils: err write to mi_exception_log
04-13 17:06:37.609  9675  3332 E bt_stack: [ERROR:com_android_bluetooth_btservice_ActivityAttribution.cpp(172)] Failed to get ActivityAttribution Interface
04-13 17:06:37.616  1556  1749 E MiuiActivityController: MiuiLog-ActivityObserver: There was something wrong : null
04-13 17:06:37.619 25361 25361 E FileUtils: err write to mi_exception_log
04-13 17:06:37.620  9675  3332 E bt_stack: [ERROR:com_android_bluetooth_btservice_ActivityAttribution.cpp(172)] Failed to get ActivityAttribution Interface
04-13 17:06:37.621 19154 19154 E FileUtils: err write to mi_exception_log
04-13 17:06:37.630  9675  9743 E BtGatt.ScanManager: unknown package tracked
04-13 17:06:37.674  1556  1749 E MiuiActivityController: MiuiLog-ActivityObserver: There was something wrong : null
04-13 17:06:37.687  1556  1749 E MiuiActivityController: MiuiLog-ActivityObserver: There was something wrong : null
04-13 17:06:37.703 19154 27407 E ActivityManagerWrapper: get all recent tasks force including 27129
04-13 17:06:37.719 19154 27407 E ActivityManagerWrapper: getRecentTasks: size=34
04-13 17:06:37.719 19154 27407 E ActivityManagerWrapper: getRecentTasks: mainTaskId=27438   userId=0   baseIntent=Intent { act=null flag=268435456 cmp=ComponentInfo{com.example.timedrop/com.example.timedrop.MainActivity} }
04-13 17:06:37.719 19154 27407 E ActivityManagerWrapper: getRecentTasks: mainTaskId=27433   userId=0   baseIntent=Intent { act=android.intent.action.MAIN flag=270532608 cmp=ComponentInfo{com.google.android.dialer/com.google.android.dialer.extensions.GoogleDialtactsActivity} }
04-13 17:06:37.719 19154 27407 E ActivityManagerWrapper: getRecentTasks: mainTaskId=27366   userId=0   baseIntent=Intent { act=null flag=268533760 cmp=ComponentInfo{com.instagram.android/com.instagram.mainactivity.InstagramMainActivity} }
04-13 17:06:37.719 19154 27407 E ActivityManagerWrapper: getRecentTasks: mainTaskId=27430   userId=0   baseIntent=Intent { act=android.intent.action.MAIN flag=270532608 cmp=ComponentInfo{com.blockchainvault/com.pinetwork.MainActivity} }
04-13 17:06:37.719 19154 27407 E ActivityManagerWrapper: getRecentTasks: mainTaskId=27226   userId=0   baseIntent=Intent { act=android.intent.action.MAIN flag=270532608 cmp=ComponentInfo{com.facebook.orca/com.facebook.orca.auth.StartScreenActivity} }
04-13 17:06:37.719 19154 27407 E ActivityManagerWrapper: getRecentTasks: mainTaskId=27206   userId=0   baseIntent=Intent { act=android.intent.action.MAIN flag=270532608 cmp=ComponentInfo{com.zhiliaoapp.musically/com.ss.android.ugc.aweme.splash.SplashActivity} }
04-13 17:06:37.719 19154 27407 E ActivityManagerWrapper: getRecentTasks: mainTaskId=27355   userId=0   baseIntent=Intent { act=android.intent.action.MAIN flag=270532608 cmp=ComponentInfo{com.facebook.katana/com.facebook.katana.LoginActivity} }
04-13 17:06:37.719 19154 27407 E ActivityManagerWrapper: getRecentTasks: mainTaskId=27269   userId=0   baseIntent=Intent { act=android.intent.action.MAIN flag=270532608 cmp=ComponentInfo{com.whatsapp/com.whatsapp.Main} }
04-13 17:06:37.719 19154 27407 E ActivityManagerWrapper: getRecentTasks: mainTaskId=27357   userId=0   baseIntent=Intent { act=android.intent.action.MAIN flag=270532608 cmp=ComponentInfo{com.microsoft.teams/com.microsoft.skype.teams.Launcher} }
04-13 17:06:37.719 19154 27407 E ActivityManagerWrapper: getRecentTasks: mainTaskId=27384   userId=0   baseIntent=Intent { act=android.intent.action.MAIN flag=270532608 cmp=ComponentInfo{com.wssc.simpleclock/com.wssc.simpleclock.ui.activity.MainActivity} }
04-13 17:06:37.719 19154 27407 E ActivityManagerWrapper: getRecentTasks: mainTaskId=27304   userId=0   baseIntent=Intent { act=android.intent.action.MAIN flag=270532608 cmp=ComponentInfo{com.spotify.music/com.spotify.music.MainActivity} }
04-13 17:06:37.719 19154 27407 E ActivityManagerWrapper: getRecentTasks: mainTaskId=27387   userId=0   baseIntent=Intent { act=android.settings.SETTINGS flag=335544320 cmp=ComponentInfo{com.android.settings/com.android.settings.MiuiSettings} }
04-13 17:06:37.719 19154 27407 E ActivityManagerWrapper: getRecentTasks: mainTaskId=27396   userId=0   baseIntent=Intent { act=null flag=335544320 cmp=ComponentInfo{com.fin.plan/com.fin.plan.presentation.MainActivity} }
04-13 17:06:37.719 19154 27407 E ActivityManagerWrapper: getRecentTasks: mainTaskId=27392   userId=0   baseIntent=Intent { act=null flag=335544320 cmp=ComponentInfo{com.android.updater/com.android.updater.MainActivity} }
04-13 17:06:37.719 19154 27407 E ActivityManagerWrapper: getRecentTasks: mainTaskId=27389   userId=0   baseIntent=Intent { act=com.google.android.finsky.phoenix.ACQUIRE flag=268435456 cmp=ComponentInfo{com.android.vending/com.google.android.finsky.billing.acquire.SheetUiBuilderHostActivity} }
04-13 17:06:37.719 19154 27407 E ActivityManagerWrapper: getRecentTasks: mainTaskId=27383   userId=0   baseIntent=Intent { act=android.intent.action.MAIN flag=270532608 cmp=ComponentInfo{com.anthropic.claude/com.anthropic.claude.mainactivity.MainActivity} }
04-13 17:06:37.719 19154 27407 E ActivityManagerWrapper: getRecentTasks: mainTaskId=27375   userId=0   baseIntent=Intent { act=android.intent.action.MAIN flag=270532608 cmp=ComponentInfo{app.gainaura.habits/app.gainaura.habits.MainActivity} }
04-13 17:06:37.720 19154 27407 E ActivityManagerWrapper: getRecentTasks: mainTaskId=27378   userId=0   baseIntent=Intent { act=android.intent.action.MAIN flag=270532608 cmp=ComponentInfo{com.microsoft.office.outlook/com.microsoft.office.outlook.MainActivity} }
04-13 17:06:37.720 19154 27407 E ActivityManagerWrapper: getRecentTasks: mainTaskId=27368   userId=0   baseIntent=Intent { act=android.intent.action.VIEW flag=268435456 cmp=ComponentInfo{com.linkedin.android/com.linkedin.android.urls.DeeplinkActivity} }
04-13 17:06:37.720 19154 27407 E ActivityManagerWrapper: getRecentTasks: mainTaskId=27367   userId=0   baseIntent=Intent { act=android.intent.action.MAIN flag=270532608 cmp=ComponentInfo{com.google.android.apps.maps/com.google.android.maps.MapsActivity} }
04-13 17:06:37.720 19154 27407 E ActivityManagerWrapper: getRecentTasks: mainTaskId=27104   userId=0   baseIntent=Intent { act=android.intent.action.MAIN flag=270532608 cmp=ComponentInfo{com.openai.chatgpt/com.openai.chatgpt.MainActivity} }
04-13 17:06:37.720 19154 27407 E ActivityManagerWrapper: getRecentTasks: mainTaskId=27361   userId=0   baseIntent=Intent { act=android.intent.action.MAIN flag=270532608 cmp=ComponentInfo{com.mercadopago.wallet/com.mercadopago.wallet.SplashActivityAliasDefault} }
04-13 17:06:37.720 19154 27407 E ActivityManagerWrapper: getRecentTasks: mainTaskId=27351   userId=0   baseIntent=Intent { act=android.intent.action.MAIN flag=270532608 cmp=ComponentInfo{com.reddit.frontpage/launcher.default} }
04-13 17:06:37.720 19154 27407 E ActivityManagerWrapper: getRecentTasks: mainTaskId=27353   userId=0   baseIntent=Intent { act=android.intent.action.MAIN flag=270532608 cmp=ComponentInfo{org.telegram.messenger/org.telegram.messenger.DefaultIcon} }
04-13 17:06:37.720 19154 27407 E ActivityManagerWrapper: getRecentTasks: mainTaskId=27346   userId=0   baseIntent=Intent { act=null flag=335609856 cmp=ComponentInfo{com.amazon.mShop.android.shopping/com.amazon.mShop.httpUrlDeepLink.PublicUrlActivity} }
04-13 17:06:37.720 19154 27407 E ActivityManagerWrapper: getRecentTasks: mainTaskId=27334   userId=0   baseIntent=Intent { act=android.intent.action.VIEW flag=318767107 cmp=ComponentInfo{mega.privacy.android.app/mega.privacy.android.app.presentation.pdfviewer.PdfViewerActivity} }
04-13 17:06:37.720 19154 27407 E ActivityManagerWrapper: getRecentTasks: mainTaskId=27328   userId=0   baseIntent=Intent { act=android.intent.action.MAIN flag=270532608 cmp=ComponentInfo{com.suifitime.suifileexplorer.root.pro/com.suifitime.suifileexplorer.root.DocumentsActivity} }
04-13 17:06:37.720 19154 27407 E ActivityManagerWrapper: getRecentTasks: mainTaskId=27325   userId=0   baseIntent=Intent { act=android.intent.action.MAIN flag=270532608 cmp=ComponentInfo{com.google.android.apps.translate/com.google.android.apps.translate.TranslateActivity} }
