--------- beginning of main
04-13 17:06:05.040  9675  9786 E bt_stack: [ERROR:com_android_bluetooth_btservice_ActivityAttribution.cpp(172)] Failed to get ActivityAttribution Interface
--------- beginning of system
04-13 17:06:05.086   618 14612 E keystore2: keystore2::error: In create_operation.
04-13 17:06:05.086   618 14612 E keystore2: 
04-13 17:06:05.086   618 14612 E keystore2: Caused by:
04-13 17:06:05.086   618 14612 E keystore2:     0: In authorize_create: matching auth token is expired.
04-13 17:06:05.086   618 14612 E keystore2:     1: Error::Km(ErrorCode(-26))
04-13 17:06:05.193 15648 21566 E FileUtils: err open mi_exception_log errno=2
04-13 17:06:05.193 15648 21566 E FileUtils: err write to mi_exception_log
04-13 17:06:05.284 13477 13488 E NotesProvider: callingPackageName is com.miui.securitycenter
04-13 17:06:05.330 13477 13477 E FileUtils: err open mi_exception_log errno=2
04-13 17:06:05.330 13477 13477 E FileUtils: err write to mi_exception_log
04-13 17:06:05.332  1556  1556 E FileUtils: err write to mi_exception_log
04-13 17:06:05.345 19154 27407 E ActivityManagerWrapper: get all recent tasks force including 27129
04-13 17:06:05.347  1556  1749 E MiuiActivityController: MiuiLog-ActivityObserver: There was something wrong : null
04-13 17:06:05.387 13477 13499 E ActivityThread: Failed to find provider info for com.miui.personalassistant.widget.external
04-13 17:06:05.397 19154 27407 E ActivityManagerWrapper: getRecentTasks: size=34
04-13 17:06:05.397 19154 27407 E ActivityManagerWrapper: getRecentTasks: mainTaskId=27438   userId=0   baseIntent=Intent { act=null flag=268435456 cmp=ComponentInfo{com.example.timedrop/com.example.timedrop.MainActivity} }
04-13 17:06:05.397 19154 27407 E ActivityManagerWrapper: getRecentTasks: mainTaskId=27433   userId=0   baseIntent=Intent { act=android.intent.action.MAIN flag=270532608 cmp=ComponentInfo{com.google.android.dialer/com.google.android.dialer.extensions.GoogleDialtactsActivity} }
04-13 17:06:05.397 19154 27407 E ActivityManagerWrapper: getRecentTasks: mainTaskId=27366   userId=0   baseIntent=Intent { act=null flag=268533760 cmp=ComponentInfo{com.instagram.android/com.instagram.mainactivity.InstagramMainActivity} }
04-13 17:06:05.397 19154 27407 E ActivityManagerWrapper: getRecentTasks: mainTaskId=27430   userId=0   baseIntent=Intent { act=android.intent.action.MAIN flag=270532608 cmp=ComponentInfo{com.blockchainvault/com.pinetwork.MainActivity} }
04-13 17:06:05.397 19154 27407 E ActivityManagerWrapper: getRecentTasks: mainTaskId=27226   userId=0   baseIntent=Intent { act=android.intent.action.MAIN flag=270532608 cmp=ComponentInfo{com.facebook.orca/com.facebook.orca.auth.StartScreenActivity} }
04-13 17:06:05.397 19154 27407 E ActivityManagerWrapper: getRecentTasks: mainTaskId=27206   userId=0   baseIntent=Intent { act=android.intent.action.MAIN flag=270532608 cmp=ComponentInfo{com.zhiliaoapp.musically/com.ss.android.ugc.aweme.splash.SplashActivity} }
04-13 17:06:05.397 19154 27407 E ActivityManagerWrapper: getRecentTasks: mainTaskId=27355   userId=0   baseIntent=Intent { act=android.intent.action.MAIN flag=270532608 cmp=ComponentInfo{com.facebook.katana/com.facebook.katana.LoginActivity} }
04-13 17:06:05.397 19154 27407 E ActivityManagerWrapper: getRecentTasks: mainTaskId=27269   userId=0   baseIntent=Intent { act=android.intent.action.MAIN flag=270532608 cmp=ComponentInfo{com.whatsapp/com.whatsapp.Main} }
04-13 17:06:05.397 19154 27407 E ActivityManagerWrapper: getRecentTasks: mainTaskId=27357   userId=0   baseIntent=Intent { act=android.intent.action.MAIN flag=270532608 cmp=ComponentInfo{com.microsoft.teams/com.microsoft.skype.teams.Launcher} }
04-13 17:06:05.398 19154 27407 E ActivityManagerWrapper: getRecentTasks: mainTaskId=27384   userId=0   baseIntent=Intent { act=android.intent.action.MAIN flag=270532608 cmp=ComponentInfo{com.wssc.simpleclock/com.wssc.simpleclock.ui.activity.MainActivity} }
04-13 17:06:05.398 19154 27407 E ActivityManagerWrapper: getRecentTasks: mainTaskId=27304   userId=0   baseIntent=Intent { act=android.intent.action.MAIN flag=270532608 cmp=ComponentInfo{com.spotify.music/com.spotify.music.MainActivity} }
04-13 17:06:05.398 19154 27407 E ActivityManagerWrapper: getRecentTasks: mainTaskId=27387   userId=0   baseIntent=Intent { act=android.settings.SETTINGS flag=335544320 cmp=ComponentInfo{com.android.settings/com.android.settings.MiuiSettings} }
04-13 17:06:05.398 19154 27407 E ActivityManagerWrapper: getRecentTasks: mainTaskId=27396   userId=0   baseIntent=Intent { act=null flag=335544320 cmp=ComponentInfo{com.fin.plan/com.fin.plan.presentation.MainActivity} }
04-13 17:06:05.398 19154 27407 E ActivityManagerWrapper: getRecentTasks: mainTaskId=27392   userId=0   baseIntent=Intent { act=null flag=335544320 cmp=ComponentInfo{com.android.updater/com.android.updater.MainActivity} }
04-13 17:06:05.398 19154 27407 E ActivityManagerWrapper: getRecentTasks: mainTaskId=27389   userId=0   baseIntent=Intent { act=com.google.android.finsky.phoenix.ACQUIRE flag=268435456 cmp=ComponentInfo{com.android.vending/com.google.android.finsky.billing.acquire.SheetUiBuilderHostActivity} }
04-13 17:06:05.398 19154 27407 E ActivityManagerWrapper: getRecentTasks: mainTaskId=27383   userId=0   baseIntent=Intent { act=android.intent.action.MAIN flag=270532608 cmp=ComponentInfo{com.anthropic.claude/com.anthropic.claude.mainactivity.MainActivity} }
04-13 17:06:05.398 19154 27407 E ActivityManagerWrapper: getRecentTasks: mainTaskId=27375   userId=0   baseIntent=Intent { act=android.intent.action.MAIN flag=270532608 cmp=ComponentInfo{app.gainaura.habits/app.gainaura.habits.MainActivity} }
04-13 17:06:05.398 19154 27407 E ActivityManagerWrapper: getRecentTasks: mainTaskId=27378   userId=0   baseIntent=Intent { act=android.intent.action.MAIN flag=270532608 cmp=ComponentInfo{com.microsoft.office.outlook/com.microsoft.office.outlook.MainActivity} }
04-13 17:06:05.398 19154 27407 E ActivityManagerWrapper: getRecentTasks: mainTaskId=27368   userId=0   baseIntent=Intent { act=android.intent.action.VIEW flag=268435456 cmp=ComponentInfo{com.linkedin.android/com.linkedin.android.urls.DeeplinkActivity} }
04-13 17:06:05.398 19154 27407 E ActivityManagerWrapper: getRecentTasks: mainTaskId=27367   userId=0   baseIntent=Intent { act=android.intent.action.MAIN flag=270532608 cmp=ComponentInfo{com.google.android.apps.maps/com.google.android.maps.MapsActivity} }
04-13 17:06:05.398 19154 27407 E ActivityManagerWrapper: getRecentTasks: mainTaskId=27104   userId=0   baseIntent=Intent { act=android.intent.action.MAIN flag=270532608 cmp=ComponentInfo{com.openai.chatgpt/com.openai.chatgpt.MainActivity} }
04-13 17:06:05.398 19154 27407 E ActivityManagerWrapper: getRecentTasks: mainTaskId=27361   userId=0   baseIntent=Intent { act=android.intent.action.MAIN flag=270532608 cmp=ComponentInfo{com.mercadopago.wallet/com.mercadopago.wallet.SplashActivityAliasDefault} }
04-13 17:06:05.398 19154 27407 E ActivityManagerWrapper: getRecentTasks: mainTaskId=27351   userId=0   baseIntent=Intent { act=android.intent.action.MAIN flag=270532608 cmp=ComponentInfo{com.reddit.frontpage/launcher.default} }
04-13 17:06:05.398 19154 27407 E ActivityManagerWrapper: getRecentTasks: mainTaskId=27353   userId=0   baseIntent=Intent { act=android.intent.action.MAIN flag=270532608 cmp=ComponentInfo{org.telegram.messenger/org.telegram.messenger.DefaultIcon} }
04-13 17:06:05.399 19154 27407 E ActivityManagerWrapper: getRecentTasks: mainTaskId=27346   userId=0   baseIntent=Intent { act=null flag=335609856 cmp=ComponentInfo{com.amazon.mShop.android.shopping/com.amazon.mShop.httpUrlDeepLink.PublicUrlActivity} }
04-13 17:06:05.399 19154 27407 E ActivityManagerWrapper: getRecentTasks: mainTaskId=27334   userId=0   baseIntent=Intent { act=android.intent.action.VIEW flag=318767107 cmp=ComponentInfo{mega.privacy.android.app/mega.privacy.android.app.presentation.pdfviewer.PdfViewerActivity} }
04-13 17:06:05.399 19154 27407 E ActivityManagerWrapper: getRecentTasks: mainTaskId=27328   userId=0   baseIntent=Intent { act=android.intent.action.MAIN flag=270532608 cmp=ComponentInfo{com.suifitime.suifileexplorer.root.pro/com.suifitime.suifileexplorer.root.DocumentsActivity} }
04-13 17:06:05.399 19154 27407 E ActivityManagerWrapper: getRecentTasks: mainTaskId=27325   userId=0   baseIntent=Intent { act=android.intent.action.MAIN flag=270532608 cmp=ComponentInfo{com.google.android.apps.translate/com.google.android.apps.translate.TranslateActivity} }
04-13 17:06:05.399 19154 27407 E ActivityManagerWrapper: getRecentTasks: mainTaskId=27268   userId=0   baseIntent=Intent { act=null flag=805306368 cmp=ComponentInfo{com.vizta.wefly/com.moba.unityplugin.MobaGameUnityActivity} }
04-13 17:06:05.399 19154 27407 E ActivityManagerWrapper: getRecentTasks: mainTaskId=27322   userId=0   baseIntent=Intent { act=null flag=872415232 cmp=ComponentInfo{com.supercell.clashofclans/com.supercell.titan.GameApp} }
04-13 17:06:05.399 19154 27407 E ActivityManagerWrapper: getRecentTasks: mainTaskId=27241   userId=0   baseIntent=Intent { act=android.intent.action.MAIN flag=270532608 cmp=ComponentInfo{com.tippingcanoe.promodescuentos/com.pepper.apps.android.presentation.MainActivityDarkIcon} }
04-13 17:06:05.399 19154 27407 E ActivityManagerWrapper: getRecentTasks: mainTaskId=27320   userId=0   baseIntent=Intent { act=android.intent.action.MAIN flag=270532608 cmp=ComponentInfo{com.android.camera/com.android.camera.Camera} }
04-13 17:06:05.399 19154 27407 E ActivityManagerWrapper: getRecentTasks: mainTaskId=27318   userId=0   baseIntent=Intent { act=null flag=268435456 cmp=ComponentInfo{com.miui.android.fashiongallery/com.miui.cw.feature.ui.home.HomeActivity} }
04-13 17:06:05.399 19154 27407 E ActivityManagerWrapper: getRecentTasks: mainTaskId=27230   userId=0   baseIntent=Intent { act=android.intent.action.MAIN flag=268435456 cmp=ComponentInfo{com.duolingo/com.duolingo.splash.LaunchActivity} }
04-13 17:06:05.481  6257  6618 E ThermalInfoUtils: getCurrentCapacity Exceptionjava.io.FileNotFoundException: /sys/class/power_supply/battery/charge_counter: open failed: EACCES (Permission denied)
04-13 17:06:05.483  1556  1810 E ProcessManager: error write exception log
04-13 17:06:05.496 19154 27407 E FileUtils: err open mi_exception_log errno=2
04-13 17:06:05.496 19154 27407 E FileUtils: err write to mi_exception_log
04-13 17:06:05.506 19154 27407 E ActivityManagerWrapper: get all recent tasks force including 27438
04-13 17:06:05.515  6257  6618 E ThermalInfoUtils: getCurrentCapacity Exceptionjava.io.FileNotFoundException: /sys/class/power_supply/battery/charge_counter: open failed: EACCES (Permission denied)
04-13 17:06:05.529 19154 27407 E ActivityManagerWrapper: getRecentTasks: size=34
04-13 17:06:05.529 19154 27407 E ActivityManagerWrapper: getRecentTasks: mainTaskId=27438   userId=0   baseIntent=Intent { act=null flag=268435456 cmp=ComponentInfo{com.example.timedrop/com.example.timedrop.MainActivity} }
04-13 17:06:05.529 19154 27407 E ActivityManagerWrapper: getRecentTasks: mainTaskId=27433   userId=0   baseIntent=Intent { act=android.intent.action.MAIN flag=270532608 cmp=ComponentInfo{com.google.android.dialer/com.google.android.dialer.extensions.GoogleDialtactsActivity} }
04-13 17:06:05.529 19154 27407 E ActivityManagerWrapper: getRecentTasks: mainTaskId=27366   userId=0   baseIntent=Intent { act=null flag=268533760 cmp=ComponentInfo{com.instagram.android/com.instagram.mainactivity.InstagramMainActivity} }
04-13 17:06:05.529 19154 27407 E ActivityManagerWrapper: getRecentTasks: mainTaskId=27430   userId=0   baseIntent=Intent { act=android.intent.action.MAIN flag=270532608 cmp=ComponentInfo{com.blockchainvault/com.pinetwork.MainActivity} }
04-13 17:06:05.529 19154 27407 E ActivityManagerWrapper: getRecentTasks: mainTaskId=27226   userId=0   baseIntent=Intent { act=android.intent.action.MAIN flag=270532608 cmp=ComponentInfo{com.facebook.orca/com.facebook.orca.auth.StartScreenActivity} }
04-13 17:06:05.529 19154 27407 E ActivityManagerWrapper: getRecentTasks: mainTaskId=27206   userId=0   baseIntent=Intent { act=android.intent.action.MAIN flag=270532608 cmp=ComponentInfo{com.zhiliaoapp.musically/com.ss.android.ugc.aweme.splash.SplashActivity} }
04-13 17:06:05.529 19154 27407 E ActivityManagerWrapper: getRecentTasks: mainTaskId=27355   userId=0   baseIntent=Intent { act=android.intent.action.MAIN flag=270532608 cmp=ComponentInfo{com.facebook.katana/com.facebook.katana.LoginActivity} }
04-13 17:06:05.529 19154 27407 E ActivityManagerWrapper: getRecentTasks: mainTaskId=27269   userId=0   baseIntent=Intent { act=android.intent.action.MAIN flag=270532608 cmp=ComponentInfo{com.whatsapp/com.whatsapp.Main} }
04-13 17:06:05.529 19154 27407 E ActivityManagerWrapper: getRecentTasks: mainTaskId=27357   userId=0   baseIntent=Intent { act=android.intent.action.MAIN flag=270532608 cmp=ComponentInfo{com.microsoft.teams/com.microsoft.skype.teams.Launcher} }
04-13 17:06:05.529 19154 27407 E ActivityManagerWrapper: getRecentTasks: mainTaskId=27384   userId=0   baseIntent=Intent { act=android.intent.action.MAIN flag=270532608 cmp=ComponentInfo{com.wssc.simpleclock/com.wssc.simpleclock.ui.activity.MainActivity} }
04-13 17:06:05.529 19154 27407 E ActivityManagerWrapper: getRecentTasks: mainTaskId=27304   userId=0   baseIntent=Intent { act=android.intent.action.MAIN flag=270532608 cmp=ComponentInfo{com.spotify.music/com.spotify.music.MainActivity} }
04-13 17:06:05.529 19154 27407 E ActivityManagerWrapper: getRecentTasks: mainTaskId=27387   userId=0   baseIntent=Intent { act=android.settings.SETTINGS flag=335544320 cmp=ComponentInfo{com.android.settings/com.android.settings.MiuiSettings} }
04-13 17:06:05.529 19154 27407 E ActivityManagerWrapper: getRecentTasks: mainTaskId=27396   userId=0   baseIntent=Intent { act=null flag=335544320 cmp=ComponentInfo{com.fin.plan/com.fin.plan.presentation.MainActivity} }
04-13 17:06:05.529 19154 27407 E ActivityManagerWrapper: getRecentTasks: mainTaskId=27392   userId=0   baseIntent=Intent { act=null flag=335544320 cmp=ComponentInfo{com.android.updater/com.android.updater.MainActivity} }
04-13 17:06:05.529 19154 27407 E ActivityManagerWrapper: getRecentTasks: mainTaskId=27389   userId=0   baseIntent=Intent { act=com.google.android.finsky.phoenix.ACQUIRE flag=268435456 cmp=ComponentInfo{com.android.vending/com.google.android.finsky.billing.acquire.SheetUiBuilderHostActivity} }
04-13 17:06:05.529 19154 27407 E ActivityManagerWrapper: getRecentTasks: mainTaskId=27383   userId=0   baseIntent=Intent { act=android.intent.action.MAIN flag=270532608 cmp=ComponentInfo{com.anthropic.claude/com.anthropic.claude.mainactivity.MainActivity} }
04-13 17:06:05.529 19154 27407 E ActivityManagerWrapper: getRecentTasks: mainTaskId=27375   userId=0   baseIntent=Intent { act=android.intent.action.MAIN flag=270532608 cmp=ComponentInfo{app.gainaura.habits/app.gainaura.habits.MainActivity} }
04-13 17:06:05.529 19154 27407 E ActivityManagerWrapper: getRecentTasks: mainTaskId=27378   userId=0   baseIntent=Intent { act=android.intent.action.MAIN flag=270532608 cmp=ComponentInfo{com.microsoft.office.outlook/com.microsoft.office.outlook.MainActivity} }
04-13 17:06:05.529 19154 27407 E ActivityManagerWrapper: getRecentTasks: mainTaskId=27368   userId=0   baseIntent=Intent { act=android.intent.action.VIEW flag=268435456 cmp=ComponentInfo{com.linkedin.android/com.linkedin.android.urls.DeeplinkActivity} }
04-13 17:06:05.529 19154 27407 E ActivityManagerWrapper: getRecentTasks: mainTaskId=27367   userId=0   baseIntent=Intent { act=android.intent.action.MAIN flag=270532608 cmp=ComponentInfo{com.google.android.apps.maps/com.google.android.maps.MapsActivity} }
04-13 17:06:05.529 19154 27407 E ActivityManagerWrapper: getRecentTasks: mainTaskId=27104   userId=0   baseIntent=Intent { act=android.intent.action.MAIN flag=270532608 cmp=ComponentInfo{com.openai.chatgpt/com.openai.chatgpt.MainActivity} }
04-13 17:06:05.529 19154 27407 E ActivityManagerWrapper: getRecentTasks: mainTaskId=27361   userId=0   baseIntent=Intent { act=android.intent.action.MAIN flag=270532608 cmp=ComponentInfo{com.mercadopago.wallet/com.mercadopago.wallet.SplashActivityAliasDefault} }
04-13 17:06:05.529 19154 27407 E ActivityManagerWrapper: getRecentTasks: mainTaskId=27351   userId=0   baseIntent=Intent { act=android.intent.action.MAIN flag=270532608 cmp=ComponentInfo{com.reddit.frontpage/launcher.default} }
04-13 17:06:05.529 19154 27407 E ActivityManagerWrapper: getRecentTasks: mainTaskId=27353   userId=0   baseIntent=Intent { act=android.intent.action.MAIN flag=270532608 cmp=ComponentInfo{org.telegram.messenger/org.telegram.messenger.DefaultIcon} }
04-13 17:06:05.529 19154 27407 E ActivityManagerWrapper: getRecentTasks: mainTaskId=27346   userId=0   baseIntent=Intent { act=null flag=335609856 cmp=ComponentInfo{com.amazon.mShop.android.shopping/com.amazon.mShop.httpUrlDeepLink.PublicUrlActivity} }
04-13 17:06:05.529 19154 27407 E ActivityManagerWrapper: getRecentTasks: mainTaskId=27334   userId=0   baseIntent=Intent { act=android.intent.action.VIEW flag=318767107 cmp=ComponentInfo{mega.privacy.android.app/mega.privacy.android.app.presentation.pdfviewer.PdfViewerActivity} }
04-13 17:06:05.529 19154 27407 E ActivityManagerWrapper: getRecentTasks: mainTaskId=27328   userId=0   baseIntent=Intent { act=android.intent.action.MAIN flag=270532608 cmp=ComponentInfo{com.suifitime.suifileexplorer.root.pro/com.suifitime.suifileexplorer.root.DocumentsActivity} }
04-13 17:06:05.529 19154 27407 E ActivityManagerWrapper: getRecentTasks: mainTaskId=27325   userId=0   baseIntent=Intent { act=android.intent.action.MAIN flag=270532608 cmp=ComponentInfo{com.google.android.apps.translate/com.google.android.apps.translate.TranslateActivity} }
04-13 17:06:05.529 19154 27407 E ActivityManagerWrapper: getRecentTasks: mainTaskId=27268   userId=0   baseIntent=Intent { act=null flag=805306368 cmp=ComponentInfo{com.vizta.wefly/com.moba.unityplugin.MobaGameUnityActivity} }
04-13 17:06:05.529 19154 27407 E ActivityManagerWrapper: getRecentTasks: mainTaskId=27322   userId=0   baseIntent=Intent { act=null flag=872415232 cmp=ComponentInfo{com.supercell.clashofclans/com.supercell.titan.GameApp} }
04-13 17:06:05.529 19154 27407 E ActivityManagerWrapper: getRecentTasks: mainTaskId=27241   userId=0   baseIntent=Intent { act=android.intent.action.MAIN flag=270532608 cmp=ComponentInfo{com.tippingcanoe.promodescuentos/com.pepper.apps.android.presentation.MainActivityDarkIcon} }
04-13 17:06:05.529 19154 27407 E ActivityManagerWrapper: getRecentTasks: mainTaskId=27320   userId=0   baseIntent=Intent { act=android.intent.action.MAIN flag=270532608 cmp=ComponentInfo{com.android.camera/com.android.camera.Camera} }
04-13 17:06:05.530 19154 27407 E ActivityManagerWrapper: getRecentTasks: mainTaskId=27318   userId=0   baseIntent=Intent { act=null flag=268435456 cmp=ComponentInfo{com.miui.android.fashiongallery/com.miui.cw.feature.ui.home.HomeActivity} }
04-13 17:06:05.530 19154 27407 E ActivityManagerWrapper: getRecentTasks: mainTaskId=27230   userId=0   baseIntent=Intent { act=android.intent.action.MAIN flag=268435456 cmp=ComponentInfo{com.duolingo/com.duolingo.splash.LaunchActivity} }
04-13 17:06:05.531  1556  1621 E FileUtils: err open mi_exception_log errno=2
04-13 17:06:05.531  1556  1621 E FileUtils: err write to mi_exception_log
04-13 17:06:05.575  1556  1815 E RTMode  : Error: package name null
04-13 17:06:05.592 19154 27407 E FileUtils: err open mi_exception_log errno=2
04-13 17:06:05.592 19154 27407 E FileUtils: err write to mi_exception_log
04-13 17:06:05.594  1556  1810 E ProcessManager: error write exception log
04-13 17:06:05.595  1556  1606 E FileUtils: err open mi_exception_log errno=2
04-13 17:06:05.595  1556  1606 E FileUtils: err write to mi_exception_log
04-13 17:06:05.608  1556  1815 E RTMode  : Error: package name null
04-13 17:06:05.631  6257  6970 E FileUtils: err open mi_exception_log errno=2
04-13 17:06:05.631  6257  6970 E FileUtils: err write to mi_exception_log
04-13 17:06:05.664  2166  2166 E FileUtils: err write to mi_exception_log
04-13 17:06:05.665  2166  2166 E adTracker: Value DpRnsGEAm4prcGbDSi8onTs+9BxNxU6MsTH5MDznr1s of type java.lang.String cannot be converted to JSONObject
04-13 17:06:05.665  2166  2166 E adTracker: Value ADVANCED_CRYPTO_ONE_TO_ONE of type java.lang.String cannot be converted to JSONObject
04-13 17:06:05.665  2166  2166 E adTracker: Value FCM-Notification of type java.lang.String cannot be converted to JSONObject
04-13 17:06:05.665  2166  2166 E adTracker: Value vSkBTTXm73hIgazXMKgmEGYI0n0Vj8OX+Wq7DmvsBDg of type java.lang.String cannot be converted to JSONObject
04-13 17:06:05.665  2166  2166 E adTracker: Value campaign_collapse_key_1171179184800101073 of type java.lang.String cannot be converted to JSONObject
04-13 17:06:05.665  2166  2166 E adTracker: Value AQADAACAAQAAADVsY2FydmFqYWxtMDAxQGFsdW1uby51YWVtZXgubXhfQWN0aXZlU3luY0V4Y2hhbmdlX0h4Uw of type java.lang.String cannot be converted to JSONObject
04-13 17:06:05.665  2166  2166 E adTracker: Value 1673031299 of type java.lang.Integer cannot be converted to JSONObject
04-13 17:06:05.665  2166  2166 E adTracker: Value FCM-Notification of type java.lang.String cannot be converted to JSONObject
04-13 17:06:05.666  2166  2166 E adTracker: Value FCM-Notification of type java.lang.String cannot be converted to JSONObject
04-13 17:06:05.666  2166  2166 E adTracker: Value FCM-Notification of type java.lang.String cannot be converted to JSONObject
04-13 17:06:05.666  2166  2166 E adTracker: Value FCM-Notification of type java.lang.String cannot be converted to JSONObject
04-13 17:06:05.666  2166  2166 E adTracker: Value campaign_collapse_key_2048281398543705359 of type java.lang.String cannot be converted to JSONObject
04-13 17:06:05.666  2166  2166 E adTracker: Value 1673031299 of type java.lang.Integer cannot be converted to JSONObject
04-13 17:06:05.758 23145 23145 E DynamicRefreshRate recy: dynamic is not enable
04-13 17:06:05.766  1556  1749 E MiuiActivityController: MiuiLog-ActivityObserver: There was something wrong : null
04-13 17:06:05.804  1556  1749 E MiuiActivityController: MiuiLog-ActivityObserver: There was something wrong : null
04-13 17:06:05.832 23145 23145 E DynamicRefreshRate recy: dynamic is not enable
04-13 17:06:05.895 13502 13502 E FileUtils: err open mi_exception_log errno=2
04-13 17:06:05.895 13502 13502 E FileUtils: err write to mi_exception_log
04-13 17:06:05.911 23145 23145 E FileUtils: err write to mi_exception_log
04-13 17:06:06.128 23145 23145 E FileUtils: err write to mi_exception_log
04-13 17:06:06.194  9675  9826 E bt_stack: [ERROR:com_android_bluetooth_btservice_ActivityAttribution.cpp(172)] Failed to get ActivityAttribution Interface
04-13 17:06:06.278 28797 28797 E FileUtils: err write to mi_exception_log
04-13 17:06:06.357 11557 13545 E fb4a.BitmapMemoryCacheTrimStrategy: unknown trim type: OnSystemModerateMemory
04-13 17:06:06.357 11557 13545 E fb4a.NativeMemoryCacheTrimStrategy: unknown trim type: OnSystemModerateMemory
04-13 17:06:06.501  1556  1818 E FileUtils: err open mi_exception_log errno=2
04-13 17:06:06.501  1556  1818 E FileUtils: err write to mi_exception_log
04-13 17:06:06.531  2166  2166 E adTracker: Value MESSAGE_CREATE1350210986476437514 of type java.lang.String cannot be converted to JSONObject
04-13 17:06:06.531  2166  2166 E adTracker: Value ranker_group of type java.lang.String cannot be converted to JSONObject
04-13 17:06:06.531  2166  2166 E adTracker: Value MESSAGE_CREATE1218246991461748787 of type java.lang.String cannot be converted to JSONObject
04-13 17:06:06.531  2166  2166 E adTracker: Value ranker_group of type java.lang.String cannot be converted to JSONObject
04-13 17:06:06.531  2166  2166 E adTracker: Value direct|2060524239 of type java.lang.String cannot be converted to JSONObject
04-13 17:06:06.531  2166  2166 E adTracker: Value com.google.android.apps.messaging of type java.lang.String cannot be converted to JSONObject
04-13 17:06:06.532  2166  2166 E adTracker: Value MESSAGE_CREATE1119906925350490232 of type java.lang.String cannot be converted to JSONObject
04-13 17:06:06.784 13502 13502 E FileUtils: err write to mi_exception_log
04-13 17:06:06.795 13502 13557 E QT      : [QT]file does not exist
04-13 17:06:06.936 13502 13502 E FileUtils: err write to mi_exception_log
04-13 17:06:06.936 13502 13502 E FileUtils: err write to mi_exception_log
04-13 17:06:06.937 13502 13502 E FileUtils: err write to mi_exception_log
04-13 17:06:07.375 19154 19154 E RotationHelper: setCurrentTransitionRequest: request=2
04-13 17:06:07.375 19154 19154 E RotationHelper: notifyChange activityFlags=1, mMultiWindowRotationRequest=3, mCurrentTransitionRequest=2, mCurrentStateRequest=0
04-13 17:06:07.381 19154 19154 E BlurUtils: fastBlur ratio=0.0   withAnim=false   sBlurRatioValue=0.0
04-13 17:06:07.381 19154 19182 E StateBroadcastUtils: sendFsStateBroadCast state=taskSnapshot   channel=gesture   packageName=
04-13 17:06:07.382 19154 19154 E Launcher: changeViewByFsGestureState,  view=ShortcutMenuLayer,  alpha=0.0,  scale=0.93
04-13 17:06:07.425 19154 19154 E FileUtils: err write to mi_exception_log
04-13 17:06:07.457  2166  2166 E FileUtils: err write to mi_exception_log
04-13 17:06:07.458 19154 24562 E ClipAnimationHelper: updateSourceStack  mSourceInsets=Rect(0, 93 - 0, 44), mSourceStackBounds=Rect(0, 0 - 1080, 2400)
04-13 17:06:07.458 19154 24562 E ClipAnimationHelper: updateHomeStack  mSourceInsets=Rect(0, 93 - 0, 44), mHomeStackBounds=Rect(0, 0 - 1080, 2400)
04-13 17:06:07.458 19154 24562 E ClipAnimationHelper: updateTargetRect  mSourceRect=RectF(0.0, 93.0, 1080.0, 1890.4287)   mTargetRect=RectF(679.0, 0.0, 1239.0, 932.0)   mSourceWindowClipInsets=RectF(0.0, 93.0, 0.0, 509.5713)   mHomeStackBounds=Rect(0, 0 - 1080, 2400)   targetRect=Rect(679, 0 - 1239, 932)
04-13 17:06:07.461 19154 19182 E StateBroadcastUtils: sendFsStateBroadCast state=crossSafeArea   channel=gesture   packageName=
04-13 17:06:07.499 19154 19154 E Launcher: changeViewByFsGestureState,  view=ShortcutMenuLayer,  alpha=1.0,  scale=1.0
04-13 17:06:07.500 19154 19154 E RotationHelper: setCurrentTransitionRequest: request=0
04-13 17:06:07.500 19154 19154 E RotationHelper: notifyChange activityFlags=1, mMultiWindowRotationRequest=3, mCurrentTransitionRequest=0, mCurrentStateRequest=0
04-13 17:06:07.506  2166  2166 E FileUtils: err write to mi_exception_log
04-13 17:06:07.507  2166  2166 E FileUtils: err write to mi_exception_log
04-13 17:06:07.537 25361 25409 E FileUtils: err open mi_exception_log errno=2
04-13 17:06:07.537 25361 25409 E FileUtils: err write to mi_exception_log
04-13 17:06:07.565  1556  1581 E FileUtils: err open mi_exception_log errno=2
04-13 17:06:07.565  1556  1581 E FileUtils: err write to mi_exception_log
04-13 17:06:07.566 19154 19154 E FileUtils: err write to mi_exception_log
04-13 17:06:07.570 25361 25361 E FileUtils: err write to mi_exception_log
04-13 17:06:07.604  1556  1749 E MiuiActivityController: MiuiLog-ActivityObserver: There was something wrong : null
04-13 17:06:07.616 11879 11995 E FileUtils: err open mi_exception_log errno=2
04-13 17:06:07.616 11879 11995 E FileUtils: err write to mi_exception_log
--------- beginning of crash
04-13 17:06:07.956 13502 13502 E AndroidRuntime: FATAL EXCEPTION: main
04-13 17:06:07.956 13502 13502 E AndroidRuntime: Process: com.example.timedrop, PID: 13502
04-13 17:06:07.956 13502 13502 E AndroidRuntime: java.lang.IllegalStateException: Asking for intrinsic measurements of SubcomposeLayout layouts is not supported. This includes components that are built on top of SubcomposeLayout, such as lazy lists, BoxWithConstraints, TabRow, etc. To mitigate this:
04-13 17:06:07.956 13502 13502 E AndroidRuntime: - if intrinsic measurements are used to achieve 'match parent' sizing, consider replacing the parent of the component with a custom layout which controls the order in which children are measured, making intrinsic measurement not needed
04-13 17:06:07.956 13502 13502 E AndroidRuntime: - adding a size modifier to the component, in order to fast return the queried intrinsic measurement.
04-13 17:06:07.956 13502 13502 E AndroidRuntime: 	at androidx.compose.ui.node.LayoutNode$NoIntrinsicsMeasurePolicy.maxIntrinsicHeight(LayoutNode.kt:716)
04-13 17:06:07.956 13502 13502 E AndroidRuntime: 	at androidx.compose.ui.node.LayoutNode$NoIntrinsicsMeasurePolicy.maxIntrinsicHeight(LayoutNode.kt:697)
04-13 17:06:07.956 13502 13502 E AndroidRuntime: 	at androidx.compose.ui.node.IntrinsicsPolicy.maxIntrinsicHeight(IntrinsicsPolicy.kt:53)
04-13 17:06:07.956 13502 13502 E AndroidRuntime: 	at androidx.compose.ui.node.LayoutNode.maxIntrinsicHeight(LayoutNode.kt:759)
04-13 17:06:07.956 13502 13502 E AndroidRuntime: 	at androidx.compose.ui.node.InnerNodeCoordinator.maxIntrinsicHeight(InnerNodeCoordinator.kt:140)
04-13 17:06:07.956 13502 13502 E AndroidRuntime: 	at androidx.compose.ui.node.NodeMeasuringIntrinsics$DefaultIntrinsicMeasurable.measure-BRTryo0(LayoutModifierNode.kt:349)
04-13 17:06:07.956 13502 13502 E AndroidRuntime: 	at androidx.compose.ui.graphics.SimpleGraphicsLayerModifier.measure-3p2s80s(GraphicsLayerModifier.kt:843)
04-13 17:06:07.956 13502 13502 E AndroidRuntime: 	at androidx.compose.ui.node.LayoutModifierNode$maxIntrinsicHeight$1.measure-3p2s80s(LayoutModifierNode.kt:99)
04-13 17:06:07.956 13502 13502 E AndroidRuntime: 	at androidx.compose.ui.node.NodeMeasuringIntrinsics.maxHeight$ui(LayoutModifierNode.kt:322)
04-13 17:06:07.956 13502 13502 E AndroidRuntime: 	at androidx.compose.ui.node.LayoutModifierNode.maxIntrinsicHeight(LayoutModifierNode.kt:98)
04-13 17:06:07.956 13502 13502 E AndroidRuntime: 	at androidx.compose.ui.node.LayoutModifierNodeCoordinator.maxIntrinsicHeight(LayoutModifierNodeCoordinator.kt:223)
04-13 17:06:07.956 13502 13502 E AndroidRuntime: 	at androidx.compose.ui.node.NodeMeasuringIntrinsics$DefaultIntrinsicMeasurable.measure-BRTryo0(LayoutModifierNode.kt:349)
04-13 17:06:07.956 13502 13502 E AndroidRuntime: 	at androidx.compose.foundation.lazy.layout.LazyLayoutBeyondBoundsProviderModifierNode.measure-3p2s80s(LazyLayoutBeyondBoundsModifierLocal.kt:122)
04-13 17:06:07.956 13502 13502 E AndroidRuntime: 	at androidx.compose.ui.node.LayoutModifierNode$maxIntrinsicHeight$1.measure-3p2s80s(LayoutModifierNode.kt:99)
04-13 17:06:07.956 13502 13502 E AndroidRuntime: 	at androidx.compose.ui.node.NodeMeasuringIntrinsics.maxHeight$ui(LayoutModifierNode.kt:322)
04-13 17:06:07.956 13502 13502 E AndroidRuntime: 	at androidx.compose.ui.node.LayoutModifierNode.maxIntrinsicHeight(LayoutModifierNode.kt:98)
04-13 17:06:07.956 13502 13502 E AndroidRuntime: 	at androidx.compose.ui.node.LayoutModifierNodeCoordinator.maxIntrinsicHeight(LayoutModifierNodeCoordinator.kt:223)
04-13 17:06:07.956 13502 13502 E AndroidRuntime: 	at androidx.compose.foundation.layout.IntrinsicHeightNode.calculateContentConstraints-l58MMJ0(Intrinsic.kt:245)
04-13 17:06:07.956 13502 13502 E AndroidRuntime: 	at androidx.compose.foundation.layout.IntrinsicSizeModifier.measure-3p2s80s(Intrinsic.kt:281)
04-13 17:06:07.956 13502 13502 E AndroidRuntime: 	at androidx.compose.ui.node.LayoutModifierNodeCoordinator.measure-BRTryo0(LayoutModifierNodeCoordinator.kt:190)
04-13 17:06:07.956 13502 13502 E AndroidRuntime: 	at androidx.compose.foundation.layout.PaddingNode.measure-3p2s80s(Padding.kt:406)
04-13 17:06:07.956 13502 13502 E AndroidRuntime: 	at androidx.compose.ui.node.LayoutModifierNodeCoordinator.measure-BRTryo0(LayoutModifierNodeCoordinator.kt:190)
04-13 17:06:07.956 13502 13502 E AndroidRuntime: 	at androidx.compose.foundation.layout.FillNode.measure-3p2s80s(Size.kt:721)
04-13 17:06:07.956 13502 13502 E AndroidRuntime: 	at androidx.compose.ui.node.LayoutModifierNodeCoordinator.measure-BRTryo0(LayoutModifierNodeCoordinator.kt:190)
04-13 17:06:07.956 13502 13502 E AndroidRuntime: 	at androidx.compose.ui.node.MeasurePassDelegate$performMeasureBlock$1.invoke(MeasurePassDelegate.kt:173)
04-13 17:06:07.956 13502 13502 E AndroidRuntime: 	at androidx.compose.ui.node.MeasurePassDelegate$performMeasureBlock$1.invoke(MeasurePassDelegate.kt:172)
04-13 17:06:07.956 13502 13502 E AndroidRuntime: 	at androidx.compose.runtime.snapshots.SnapshotStateObserver.observeReads(SnapshotStateObserver.kt:699)
04-13 17:06:07.956 13502 13502 E AndroidRuntime: 	at androidx.compose.ui.node.MeasurePassDelegate.remeasure-BRTryo0(MeasurePassDelegate.kt:1064)
04-13 17:06:07.956 13502 13502 E AndroidRuntime: 	at androidx.compose.ui.node.MeasurePassDelegate.measure-BRTryo0(MeasurePassDelegate.kt:470)
04-13 17:06:07.956 13502 13502 E AndroidRuntime: 	at androidx.compose.foundation.layout.BoxMeasurePolicy.measure-3p2s80s(Box.kt:145)
04-13 17:06:07.956 13502 13502 E AndroidRuntime: 	at androidx.compose.ui.node.InnerNodeCoordinator.measure-BRTryo0(InnerNodeCoordinator.kt:128)
04-13 17:06:07.956 13502 13502 E AndroidRuntime: 	at androidx.compose.ui.graphics.SimpleGraphicsLayerModifier.measure-3p2s80s(GraphicsLayerModifier.kt:843)
04-13 17:06:07.957 13502 13502 E AndroidRuntime: 	at androidx.compose.ui.node.LayoutModifierNodeCoordinator.measure-BRTryo0(LayoutModifierNodeCoordinator.kt:190)
04-13 17:06:07.957 13502 13502 E AndroidRuntime: 	at androidx.compose.foundation.layout.FillNode.measure-3p2s80s(Size.kt:721)
04-13 17:06:07.957 13502 13502 E AndroidRuntime: 	at androidx.compose.ui.node.LayoutModifierNodeCoordinator.measure-BRTryo0(LayoutModifierNodeCoordinator.kt:190)
04-13 17:06:07.957 13502 13502 E AndroidRuntime: 	at androidx.compose.ui.node.MeasurePassDelegate$performMeasureBlock$1.invoke(MeasurePassDelegate.kt:173)
04-13 17:06:07.957 13502 13502 E AndroidRuntime: 	at androidx.compose.ui.node.MeasurePassDelegate$performMeasureBlock$1.invoke(MeasurePassDelegate.kt:172)
04-13 17:06:07.957 13502 13502 E AndroidRuntime: 	at androidx.compose.runtime.snapshots.SnapshotStateObserver.observeReads(SnapshotStateObserver.kt:699)
04-13 17:06:07.957 13502 13502 E AndroidRuntime: 	at androidx.compose.ui.node.MeasurePassDelegate.remeasure-BRTryo0(MeasurePassDelegate.kt:1064)
04-13 17:06:07.957 13502 13502 E AndroidRuntime: 	at androidx.compose.ui.node.MeasurePassDelegate.measure-BRTryo0(MeasurePassDelegate.kt:470)
04-13 17:06:07.957 13502 13502 E AndroidRuntime: 	at androidx.compose.foundation.layout.BoxMeasurePolicy.measure-3p2s80s(Box.kt:145)
04-13 17:06:07.957 13502 13502 E AndroidRuntime: 	at androidx.compose.ui.node.InnerNodeCoordinator.measure-BRTryo0(InnerNodeCoordinator.kt:128)
04-13 17:06:07.957 13502 13502 E AndroidRuntime: 	at androidx.compose.ui.node.MeasurePassDelegate$performMeasureBlock$1.invoke(MeasurePassDelegate.kt:173)
04-13 17:06:07.957 13502 13502 E AndroidRuntime: 	at androidx.compose.ui.node.MeasurePassDelegate$performMeasureBlock$1.invoke(MeasurePassDelegate.kt:172)
04-13 17:06:07.957 13502 13502 E AndroidRuntime: 	at androidx.compose.runtime.snapshots.SnapshotStateObserver.observeReads(SnapshotStateObserver.kt:699)
04-13 17:06:07.957 13502 13502 E AndroidRuntime: 	at androidx.compose.ui.node.MeasurePassDelegate.remeasure-BRTryo0(MeasurePassDelegate.kt:1064)
04-13 17:06:07.957 13502 13502 E AndroidRuntime: 	at androidx.compose.ui.node.MeasurePassDelegate.measure-BRTryo0(MeasurePassDelegate.kt:470)
04-13 17:06:07.957 13502 13502 E AndroidRuntime: 	at androidx.compose.foundation.layout.BoxMeasurePolicy.measure-3p2s80s(Box.kt:168)
04-13 17:06:07.957 13502 13502 E AndroidRuntime: 	at androidx.compose.ui.node.InnerNodeCoordinator.measure-BRTryo0(InnerNodeCoordinator.kt:128)
04-13 17:06:07.957 13502 13502 E AndroidRuntime: 	at androidx.compose.foundation.layout.FillNode.measure-3p2s80s(Size.kt:721)
04-13 17:06:07.957 13502 13502 E AndroidRuntime: 	at androidx.compose.ui.node.LayoutModifierNodeCoordinator.measure-BRTryo0(LayoutModifierNodeCoordinator.kt:190)
04-13 17:06:07.957 13502 13502 E AndroidRuntime: 	at androidx.compose.ui.node.MeasurePassDelegate$performMeasureBlock$1.invoke(MeasurePassDelegate.kt:173)
04-13 17:06:07.957 13502 13502 E AndroidRuntime: 	at androidx.compose.ui.node.MeasurePassDelegate$performMeasureBlock$1.invoke(MeasurePassDelegate.kt:172)
04-13 17:06:07.957 13502 13502 E AndroidRuntime: 	at androidx.compose.runtime.snapshots.SnapshotStateObserver.observeReads(SnapshotStateObserver.kt:699)
04-13 17:06:07.957 13502 13502 E AndroidRuntime: 	at androidx.compose.ui.node.MeasurePassDelegate.remeasure-BRTryo0(MeasurePassDelegate.kt:1064)
04-13 17:06:07.957 13502 13502 E AndroidRuntime: 	at androidx.compose.ui.node.MeasurePassDelegate.measure-BRTryo0(MeasurePassDelegate.kt:470)
04-13 17:06:07.957 13502 13502 E AndroidRuntime: 	at androidx.compose.foundation.layout.BoxMeasurePolicy.measure-3p2s80s(Box.kt:145)
04-13 17:06:07.957 13502 13502 E AndroidRuntime: 	at androidx.compose.ui.node.InnerNodeCoordinator.measure-BRTryo0(InnerNodeCoordinator.kt:128)
04-13 17:06:07.957 13502 13502 E AndroidRuntime: 	at androidx.compose.foundation.layout.FillNode.measure-3p2s80s(Size.kt:721)
04-13 17:06:07.957 13502 13502 E AndroidRuntime: 	at androidx.compose.ui.node.LayoutModifierNodeCoordinator.measure-BRTryo0(LayoutModifierNodeCoordinator.kt:190)
04-13 17:06:07.957 13502 13502 E AndroidRuntime: 	at androidx.compose.ui.node.MeasurePassDelegate$performMeasureBlock$1.invoke(MeasurePassDelegate.kt:173)
04-13 17:06:07.957 13502 13502 E AndroidRuntime: 	at androidx.compose.ui.node.MeasurePassDelegate$performMeasureBlock$1.invoke(MeasurePassDelegate.kt:172)
04-13 17:06:07.957 13502 13502 E AndroidRuntime: 	at androidx.compose.runtime.snapshots.SnapshotStateObserver.observeReads(SnapshotStateObserver.kt:699)
04-13 17:06:07.957 13502 13502 E AndroidRuntime: 	at androidx.compose.ui.node.MeasurePassDelegate.remeasure-BRTryo0(MeasurePassDelegate.kt:1064)
04-13 17:06:07.957 13502 13502 E AndroidRuntime: 	at androidx.compose.ui.node.MeasurePassDelegate.measure-BRTryo0(MeasurePassDelegate.kt:470)
04-13 17:06:07.957 13502 13502 E AndroidRuntime: 	at androidx.compose.foundation.layout.BoxMeasurePolicy.measure-3p2s80s(Box.kt:145)
04-13 17:06:07.957 13502 13502 E AndroidRuntime: 	at androidx.compose.ui.node.InnerNodeCoordinator.measure-BRTryo0(InnerNodeCoordinator.kt:128)
04-13 17:06:07.957 13502 13502 E AndroidRuntime: 	at androidx.compose.ui.graphics.SimpleGraphicsLayerModifier.measure-3p2s80s(GraphicsLayerModifier.kt:843)
04-13 17:06:07.957 13502 13502 E AndroidRuntime: 	at androidx.compose.ui.node.LayoutModifierNodeCoordinator.measure-BRTryo0(LayoutModifierNodeCoordinator.kt:190)
04-13 17:06:07.957 13502 13502 E AndroidRuntime: 	at androidx.compose.ui.node.MeasurePassDelegate$performMeasureBlock$1.invoke(MeasurePassDelegate.kt:173)
04-13 17:06:07.957 13502 13502 E AndroidRuntime: 	at androidx.compose.ui.node.MeasurePassDelegate$performMeasureBlock$1.invoke(MeasurePassDelegate.kt:172)
04-13 17:06:07.957 13502 13502 E AndroidRuntime: 	at androidx.compose.runtime.snapshots.SnapshotStateObserver.observeReads(SnapshotStateObserver.kt:699)
04-13 17:06:07.957 13502 13502 E AndroidRuntime: 	at androidx.compose.ui.node.MeasurePassDelegate.remeasure-BRTryo0(MeasurePassDelegate.kt:1064)
04-13 17:06:07.957 13502 13502 E AndroidRuntime: 	at androidx.compose.ui.node.MeasurePassDelegate.measure-BRTryo0(MeasurePassDelegate.kt:470)
04-13 17:06:07.957 13502 13502 E AndroidRuntime: 	at androidx.compose.ui.layout.RootMeasurePolicy.measure-3p2s80s(RootMeasurePolicy.kt:37)
04-13 17:06:07.957 13502 13502 E AndroidRuntime: 	at androidx.compose.ui.node.InnerNodeCoordinator.measure-BRTryo0(InnerNodeCoordinator.kt:128)
04-13 17:06:07.957 13502 13502 E AndroidRuntime: 	at androidx.compose.ui.platform.AndroidComposeView$RootModifierNode.measure-3p2s80s(AndroidComposeView.android.kt:3384)
04-13 17:06:07.957 13502 13502 E AndroidRuntime: 	at androidx.compose.ui.node.LayoutModifierNodeCoordinator.measure-BRTryo0(LayoutModifierNodeCoordinator.kt:190)
04-13 17:06:07.957 13502 13502 E AndroidRuntime: 	at androidx.compose.ui.node.MeasurePassDelegate$performMeasureBlock$1.invoke(MeasurePassDelegate.kt:173)
04-13 17:06:07.957 13502 13502 E AndroidRuntime: 	at androidx.compose.ui.node.MeasurePassDelegate$performMeasureBlock$1.invoke(MeasurePassDelegate.kt:172)
04-13 17:06:07.957 13502 13502 E AndroidRuntime: 	at androidx.compose.runtime.snapshots.SnapshotStateObserver.observeReads(SnapshotStateObserver.kt:728)
04-13 17:06:07.957 13502 13502 E AndroidRuntime: 	at androidx.compose.ui.node.MeasurePassDelegate.remeasure-BRTryo0(MeasurePassDelegate.kt:1064)
04-13 17:06:07.957 13502 13502 E AndroidRuntime: 	at androidx.compose.ui.node.LayoutNode.remeasure-_Sx5XlM$ui(LayoutNode.kt:1281)
04-13 17:06:07.957 13502 13502 E AndroidRuntime: 	at androidx.compose.ui.node.MeasureAndLayoutDelegate.doRemeasure-sdFAvZA(MeasureAndLayoutDelegate.kt:378)
04-13 17:06:07.957 13502 13502 E AndroidRuntime: 	at androidx.compose.ui.node.MeasureAndLayoutDelegate.remeasureOnly(MeasureAndLayoutDelegate.kt:652)
04-13 17:06:07.957 13502 13502 E AndroidRuntime: 	at androidx.compose.ui.node.MeasureAndLayoutDelegate.measureOnly(MeasureAndLayoutDelegate.kt:446)
04-13 17:06:07.957 13502 13502 E AndroidRuntime: 	at androidx.compose.ui.platform.AndroidComposeView.onMeasure(AndroidComposeView.android.kt:1847)
04-13 17:06:07.957 13502 13502 E AndroidRuntime: 	at android.view.View.measure(View.java:26736)
04-13 17:06:07.957 13502 13502 E AndroidRuntime: 	at androidx.compose.ui.platform.AbstractComposeView.internalOnMeasure$ui(ComposeView.android.kt:314)
04-13 17:06:07.957 13502 13502 E AndroidRuntime: 	at androidx.compose.ui.platform.AbstractComposeView.onMeasure(ComposeView.android.kt:301)
04-13 17:06:07.957 13502 13502 E AndroidRuntime: 	at android.view.View.measure(View.java:26736)
04-13 17:06:07.957 13502 13502 E AndroidRuntime: 	at android.view.ViewGroup.measureChildWithMargins(ViewGroup.java:7095)
04-13 17:06:07.957 13502 13502 E AndroidRuntime: 	at android.widget.FrameLayout.onMeasure(FrameLayout.java:194)
04-13 17:06:07.957 13502 13502 E AndroidRuntime: 	at android.view.View.measure(View.java:26736)
04-13 17:06:07.957 13502 13502 E AndroidRuntime: 	at android.view.ViewGroup.measureChildWithMargins(ViewGroup.java:7095)
04-13 17:06:07.957 13502 13502 E AndroidRuntime: 	at android.widget.LinearLayout.measureChildBeforeLayout(LinearLayout.java:1552)
04-13 17:06:07.957 13502 13502 E AndroidRuntime: 	at android.widget.LinearLayout.measureVertical(LinearLayout.java:842)
04-13 17:06:07.957 13502 13502 E AndroidRuntime: 	at android.widget.LinearLayout.onMeasure(LinearLayout.java:721)
04-13 17:06:07.957 13502 13502 E AndroidRuntime: 	at android.view.View.measure(View.java:26736)
04-13 17:06:07.957 13502 13502 E AndroidRuntime: 	at android.view.ViewGroup.measureChildWithMargins(ViewGroup.java:7095)
04-13 17:06:07.957 13502 13502 E AndroidRuntime: 	at android.widget.FrameLayout.onMeasure(FrameLayout.java:194)
04-13 17:06:07.957 13502 13502 E AndroidRuntime: 	at com.android.internal.policy.DecorView.onMeasure(DecorView.java:833)
04-13 17:06:07.957 13502 13502 E AndroidRuntime: 	at android.view.View.measure(View.java:26736)
04-13 17:06:07.957 13502 13502 E AndroidRuntime: 	at android.view.ViewRootImpl.performMeasure(ViewRootImpl.java:4189)
04-13 17:06:07.957 13502 13502 E AndroidRuntime: 	at android.view.ViewRootImpl.measureHierarchy(ViewRootImpl.java:2865)
04-13 17:06:07.957 13502 13502 E AndroidRuntime: 	at android.view.ViewRootImpl.performTraversals(ViewRootImpl.java:3145)
04-13 17:06:07.957 13502 13502 E AndroidRuntime: 	at android.view.ViewRootImpl.doTraversal(ViewRootImpl.java:2575)
04-13 17:06:07.957 13502 13502 E AndroidRuntime: 	at android.view.ViewRootImpl$TraversalRunnable.run(ViewRootImpl.java:9638)
04-13 17:06:07.957 13502 13502 E AndroidRuntime: 	at android.view.Choreographer$CallbackRecord.run(Choreographer.java:1386)
04-13 17:06:07.957 13502 13502 E AndroidRuntime: 	at android.view.Choreographer$CallbackRecord.run(Choreographer.java:1394)
04-13 17:06:07.957 13502 13502 E AndroidRuntime: 	at android.view.Choreographer.doCallbacks(Choreographer.java:1013)
04-13 17:06:07.957 13502 13502 E AndroidRuntime: 	at android.view.Choreographer.doFrame(Choreographer.java:911)
04-13 17:06:07.957 13502 13502 E AndroidRuntime: 	at android.view.Choreographer$FrameDisplayEventReceiver.run(Choreographer.java:1366)
04-13 17:06:07.957 13502 13502 E AndroidRuntime: 	at android.os.Handler.handleCallback(Handler.java:942)
04-13 17:06:07.957 13502 13502 E AndroidRuntime: 	at android.os.Handler.dispatchMessage(Handler.java:99)
04-13 17:06:07.957 13502 13502 E AndroidRuntime: 	at android.os.Looper.loopOnce(Looper.java:211)
04-13 17:06:07.957 13502 13502 E AndroidRuntime: 	at android.os.Looper.loop(Looper.java:300)
04-13 17:06:07.957 13502 13502 E AndroidRuntime: 	at android.app.ActivityThread.main(ActivityThread.java:8232)
04-13 17:06:07.957 13502 13502 E AndroidRuntime: 	at java.lang.reflect.Method.invoke(Native Method)
04-13 17:06:07.957 13502 13502 E AndroidRuntime: 	at com.android.internal.os.RuntimeInit$MethodAndArgsCaller.run(RuntimeInit.java:580)
04-13 17:06:07.957 13502 13502 E AndroidRuntime: 	at com.android.internal.os.ZygoteInit.main(ZygoteInit.java:1028)
04-13 17:06:08.033  1556  1810 E ProcessManager: error write exception log
04-13 17:06:08.072  3692  3995 E FileUtils: err open mi_exception_log errno=2
04-13 17:06:08.072  3692  3995 E FileUtils: err write to mi_exception_log
04-13 17:06:08.098 11557 11690 E fb4a.BitmapMemoryCacheTrimStrategy: unknown trim type: OnSystemModerateMemory
04-13 17:06:08.099 11557 11690 E fb4a.NativeMemoryCacheTrimStrategy: unknown trim type: OnSystemModerateMemory
04-13 17:06:08.100  1556  1584 E FileUtils: err open mi_exception_log errno=2
04-13 17:06:08.100  1556  1584 E FileUtils: err write to mi_exception_log
04-13 17:06:08.108  6257  6618 E ThermalInfoUtils: getCurrentCapacity Exceptionjava.io.FileNotFoundException: /sys/class/power_supply/battery/charge_counter: open failed: EACCES (Permission denied)
04-13 17:06:08.112 19154 27407 E ActivityManagerWrapper: get all recent tasks force including 27129
04-13 17:06:08.122  6257  6620 E FileUtils: err open mi_exception_log errno=2
04-13 17:06:08.122  6257  6620 E FileUtils: err write to mi_exception_log
04-13 17:06:08.122  4177  4177 E FileUtils: err write to mi_exception_log
04-13 17:06:08.125 19154 19154 E FileUtils: err write to mi_exception_log
04-13 17:06:08.130  2166  2394 E FileUtils: err open mi_exception_log errno=2
04-13 17:06:08.130  2166  2394 E FileUtils: err write to mi_exception_log
04-13 17:06:08.134 19154 27407 E ActivityManagerWrapper: getRecentTasks: size=34
04-13 17:06:08.134 19154 27407 E ActivityManagerWrapper: getRecentTasks: mainTaskId=27438   userId=0   baseIntent=Intent { act=null flag=268435456 cmp=ComponentInfo{com.example.timedrop/com.example.timedrop.MainActivity} }
04-13 17:06:08.134 19154 27407 E ActivityManagerWrapper: getRecentTasks: mainTaskId=27433   userId=0   baseIntent=Intent { act=android.intent.action.MAIN flag=270532608 cmp=ComponentInfo{com.google.android.dialer/com.google.android.dialer.extensions.GoogleDialtactsActivity} }
04-13 17:06:08.134 19154 27407 E ActivityManagerWrapper: getRecentTasks: mainTaskId=27366   userId=0   baseIntent=Intent { act=null flag=268533760 cmp=ComponentInfo{com.instagram.android/com.instagram.mainactivity.InstagramMainActivity} }
04-13 17:06:08.134 19154 27407 E ActivityManagerWrapper: getRecentTasks: mainTaskId=27430   userId=0   baseIntent=Intent { act=android.intent.action.MAIN flag=270532608 cmp=ComponentInfo{com.blockchainvault/com.pinetwork.MainActivity} }
04-13 17:06:08.134 19154 27407 E ActivityManagerWrapper: getRecentTasks: mainTaskId=27226   userId=0   baseIntent=Intent { act=android.intent.action.MAIN flag=270532608 cmp=ComponentInfo{com.facebook.orca/com.facebook.orca.auth.StartScreenActivity} }
04-13 17:06:08.134 19154 27407 E ActivityManagerWrapper: getRecentTasks: mainTaskId=27206   userId=0   baseIntent=Intent { act=android.intent.action.MAIN flag=270532608 cmp=ComponentInfo{com.zhiliaoapp.musically/com.ss.android.ugc.aweme.splash.SplashActivity} }
04-13 17:06:08.134 19154 27407 E ActivityManagerWrapper: getRecentTasks: mainTaskId=27355   userId=0   baseIntent=Intent { act=android.intent.action.MAIN flag=270532608 cmp=ComponentInfo{com.facebook.katana/com.facebook.katana.LoginActivity} }
04-13 17:06:08.134 19154 27407 E ActivityManagerWrapper: getRecentTasks: mainTaskId=27269   userId=0   baseIntent=Intent { act=android.intent.action.MAIN flag=270532608 cmp=ComponentInfo{com.whatsapp/com.whatsapp.Main} }
04-13 17:06:08.134 19154 27407 E ActivityManagerWrapper: getRecentTasks: mainTaskId=27357   userId=0   baseIntent=Intent { act=android.intent.action.MAIN flag=270532608 cmp=ComponentInfo{com.microsoft.teams/com.microsoft.skype.teams.Launcher} }
04-13 17:06:08.134 19154 27407 E ActivityManagerWrapper: getRecentTasks: mainTaskId=27384   userId=0   baseIntent=Intent { act=android.intent.action.MAIN flag=270532608 cmp=ComponentInfo{com.wssc.simpleclock/com.wssc.simpleclock.ui.activity.MainActivity} }
04-13 17:06:08.134 19154 27407 E ActivityManagerWrapper: getRecentTasks: mainTaskId=27304   userId=0   baseIntent=Intent { act=android.intent.action.MAIN flag=270532608 cmp=ComponentInfo{com.spotify.music/com.spotify.music.MainActivity} }
04-13 17:06:08.134 19154 27407 E ActivityManagerWrapper: getRecentTasks: mainTaskId=27387   userId=0   baseIntent=Intent { act=android.settings.SETTINGS flag=335544320 cmp=ComponentInfo{com.android.settings/com.android.settings.MiuiSettings} }
04-13 17:06:08.134 19154 27407 E ActivityManagerWrapper: getRecentTasks: mainTaskId=27396   userId=0   baseIntent=Intent { act=null flag=335544320 cmp=ComponentInfo{com.fin.plan/com.fin.plan.presentation.MainActivity} }
04-13 17:06:08.134 19154 27407 E ActivityManagerWrapper: getRecentTasks: mainTaskId=27392   userId=0   baseIntent=Intent { act=null flag=335544320 cmp=ComponentInfo{com.android.updater/com.android.updater.MainActivity} }
