04-13 17:06:37.720 19154 27407 E ActivityManagerWrapper: getRecentTasks: mainTaskId=27268   userId=0   baseIntent=Intent { act=null flag=805306368 cmp=ComponentInfo{com.vizta.wefly/com.moba.unityplugin.MobaGameUnityActivity} }
04-13 17:06:37.720 19154 27407 E ActivityManagerWrapper: getRecentTasks: mainTaskId=27322   userId=0   baseIntent=Intent { act=null flag=872415232 cmp=ComponentInfo{com.supercell.clashofclans/com.supercell.titan.GameApp} }
04-13 17:06:37.720 19154 27407 E ActivityManagerWrapper: getRecentTasks: mainTaskId=27241   userId=0   baseIntent=Intent { act=android.intent.action.MAIN flag=270532608 cmp=ComponentInfo{com.tippingcanoe.promodescuentos/com.pepper.apps.android.presentation.MainActivityDarkIcon} }
04-13 17:06:37.720 19154 27407 E ActivityManagerWrapper: getRecentTasks: mainTaskId=27320   userId=0   baseIntent=Intent { act=android.intent.action.MAIN flag=270532608 cmp=ComponentInfo{com.android.camera/com.android.camera.Camera} }
04-13 17:06:37.720 19154 27407 E ActivityManagerWrapper: getRecentTasks: mainTaskId=27318   userId=0   baseIntent=Intent { act=null flag=268435456 cmp=ComponentInfo{com.miui.android.fashiongallery/com.miui.cw.feature.ui.home.HomeActivity} }
04-13 17:06:37.720 19154 27407 E ActivityManagerWrapper: getRecentTasks: mainTaskId=27230   userId=0   baseIntent=Intent { act=android.intent.action.MAIN flag=268435456 cmp=ComponentInfo{com.duolingo/com.duolingo.splash.LaunchActivity} }
04-13 17:06:37.752 19154 27407 E FileUtils: err open mi_exception_log errno=2
04-13 17:06:37.752 19154 27407 E FileUtils: err write to mi_exception_log
04-13 17:06:37.755 19154 27407 E ActivityManagerWrapper: get all recent tasks force including 27129
04-13 17:06:37.770 19154 27407 E ActivityManagerWrapper: getRecentTasks: size=34
04-13 17:06:37.770 19154 27407 E ActivityManagerWrapper: getRecentTasks: mainTaskId=27438   userId=0   baseIntent=Intent { act=null flag=268435456 cmp=ComponentInfo{com.example.timedrop/com.example.timedrop.MainActivity} }
04-13 17:06:37.770 19154 27407 E ActivityManagerWrapper: getRecentTasks: mainTaskId=27433   userId=0   baseIntent=Intent { act=android.intent.action.MAIN flag=270532608 cmp=ComponentInfo{com.google.android.dialer/com.google.android.dialer.extensions.GoogleDialtactsActivity} }
04-13 17:06:37.770 19154 27407 E ActivityManagerWrapper: getRecentTasks: mainTaskId=27366   userId=0   baseIntent=Intent { act=null flag=268533760 cmp=ComponentInfo{com.instagram.android/com.instagram.mainactivity.InstagramMainActivity} }
04-13 17:06:37.770 19154 27407 E ActivityManagerWrapper: getRecentTasks: mainTaskId=27430   userId=0   baseIntent=Intent { act=android.intent.action.MAIN flag=270532608 cmp=ComponentInfo{com.blockchainvault/com.pinetwork.MainActivity} }
04-13 17:06:37.770 19154 27407 E ActivityManagerWrapper: getRecentTasks: mainTaskId=27226   userId=0   baseIntent=Intent { act=android.intent.action.MAIN flag=270532608 cmp=ComponentInfo{com.facebook.orca/com.facebook.orca.auth.StartScreenActivity} }
04-13 17:06:37.770 19154 27407 E ActivityManagerWrapper: getRecentTasks: mainTaskId=27206   userId=0   baseIntent=Intent { act=android.intent.action.MAIN flag=270532608 cmp=ComponentInfo{com.zhiliaoapp.musically/com.ss.android.ugc.aweme.splash.SplashActivity} }
04-13 17:06:37.770 19154 27407 E ActivityManagerWrapper: getRecentTasks: mainTaskId=27355   userId=0   baseIntent=Intent { act=android.intent.action.MAIN flag=270532608 cmp=ComponentInfo{com.facebook.katana/com.facebook.katana.LoginActivity} }
04-13 17:06:37.770 19154 27407 E ActivityManagerWrapper: getRecentTasks: mainTaskId=27269   userId=0   baseIntent=Intent { act=android.intent.action.MAIN flag=270532608 cmp=ComponentInfo{com.whatsapp/com.whatsapp.Main} }
04-13 17:06:37.770 19154 27407 E ActivityManagerWrapper: getRecentTasks: mainTaskId=27357   userId=0   baseIntent=Intent { act=android.intent.action.MAIN flag=270532608 cmp=ComponentInfo{com.microsoft.teams/com.microsoft.skype.teams.Launcher} }
04-13 17:06:37.770 19154 27407 E ActivityManagerWrapper: getRecentTasks: mainTaskId=27384   userId=0   baseIntent=Intent { act=android.intent.action.MAIN flag=270532608 cmp=ComponentInfo{com.wssc.simpleclock/com.wssc.simpleclock.ui.activity.MainActivity} }
04-13 17:06:37.770 19154 27407 E ActivityManagerWrapper: getRecentTasks: mainTaskId=27304   userId=0   baseIntent=Intent { act=android.intent.action.MAIN flag=270532608 cmp=ComponentInfo{com.spotify.music/com.spotify.music.MainActivity} }
04-13 17:06:37.770 19154 27407 E ActivityManagerWrapper: getRecentTasks: mainTaskId=27387   userId=0   baseIntent=Intent { act=android.settings.SETTINGS flag=335544320 cmp=ComponentInfo{com.android.settings/com.android.settings.MiuiSettings} }
04-13 17:06:37.770 19154 27407 E ActivityManagerWrapper: getRecentTasks: mainTaskId=27396   userId=0   baseIntent=Intent { act=null flag=335544320 cmp=ComponentInfo{com.fin.plan/com.fin.plan.presentation.MainActivity} }
04-13 17:06:37.770 19154 27407 E ActivityManagerWrapper: getRecentTasks: mainTaskId=27392   userId=0   baseIntent=Intent { act=null flag=335544320 cmp=ComponentInfo{com.android.updater/com.android.updater.MainActivity} }
04-13 17:06:37.770 19154 27407 E ActivityManagerWrapper: getRecentTasks: mainTaskId=27389   userId=0   baseIntent=Intent { act=com.google.android.finsky.phoenix.ACQUIRE flag=268435456 cmp=ComponentInfo{com.android.vending/com.google.android.finsky.billing.acquire.SheetUiBuilderHostActivity} }
04-13 17:06:37.770 19154 27407 E ActivityManagerWrapper: getRecentTasks: mainTaskId=27383   userId=0   baseIntent=Intent { act=android.intent.action.MAIN flag=270532608 cmp=ComponentInfo{com.anthropic.claude/com.anthropic.claude.mainactivity.MainActivity} }
04-13 17:06:37.770 19154 27407 E ActivityManagerWrapper: getRecentTasks: mainTaskId=27375   userId=0   baseIntent=Intent { act=android.intent.action.MAIN flag=270532608 cmp=ComponentInfo{app.gainaura.habits/app.gainaura.habits.MainActivity} }
04-13 17:06:37.770 19154 27407 E ActivityManagerWrapper: getRecentTasks: mainTaskId=27378   userId=0   baseIntent=Intent { act=android.intent.action.MAIN flag=270532608 cmp=ComponentInfo{com.microsoft.office.outlook/com.microsoft.office.outlook.MainActivity} }
04-13 17:06:37.770 19154 27407 E ActivityManagerWrapper: getRecentTasks: mainTaskId=27368   userId=0   baseIntent=Intent { act=android.intent.action.VIEW flag=268435456 cmp=ComponentInfo{com.linkedin.android/com.linkedin.android.urls.DeeplinkActivity} }
04-13 17:06:37.770 19154 27407 E ActivityManagerWrapper: getRecentTasks: mainTaskId=27367   userId=0   baseIntent=Intent { act=android.intent.action.MAIN flag=270532608 cmp=ComponentInfo{com.google.android.apps.maps/com.google.android.maps.MapsActivity} }
04-13 17:06:37.770 19154 27407 E ActivityManagerWrapper: getRecentTasks: mainTaskId=27104   userId=0   baseIntent=Intent { act=android.intent.action.MAIN flag=270532608 cmp=ComponentInfo{com.openai.chatgpt/com.openai.chatgpt.MainActivity} }
04-13 17:06:37.770 19154 27407 E ActivityManagerWrapper: getRecentTasks: mainTaskId=27361   userId=0   baseIntent=Intent { act=android.intent.action.MAIN flag=270532608 cmp=ComponentInfo{com.mercadopago.wallet/com.mercadopago.wallet.SplashActivityAliasDefault} }
04-13 17:06:37.770 19154 27407 E ActivityManagerWrapper: getRecentTasks: mainTaskId=27351   userId=0   baseIntent=Intent { act=android.intent.action.MAIN flag=270532608 cmp=ComponentInfo{com.reddit.frontpage/launcher.default} }
04-13 17:06:37.770 19154 27407 E ActivityManagerWrapper: getRecentTasks: mainTaskId=27353   userId=0   baseIntent=Intent { act=android.intent.action.MAIN flag=270532608 cmp=ComponentInfo{org.telegram.messenger/org.telegram.messenger.DefaultIcon} }
04-13 17:06:37.770 19154 27407 E ActivityManagerWrapper: getRecentTasks: mainTaskId=27346   userId=0   baseIntent=Intent { act=null flag=335609856 cmp=ComponentInfo{com.amazon.mShop.android.shopping/com.amazon.mShop.httpUrlDeepLink.PublicUrlActivity} }
04-13 17:06:37.770 19154 27407 E ActivityManagerWrapper: getRecentTasks: mainTaskId=27334   userId=0   baseIntent=Intent { act=android.intent.action.VIEW flag=318767107 cmp=ComponentInfo{mega.privacy.android.app/mega.privacy.android.app.presentation.pdfviewer.PdfViewerActivity} }
04-13 17:06:37.770 19154 27407 E ActivityManagerWrapper: getRecentTasks: mainTaskId=27328   userId=0   baseIntent=Intent { act=android.intent.action.MAIN flag=270532608 cmp=ComponentInfo{com.suifitime.suifileexplorer.root.pro/com.suifitime.suifileexplorer.root.DocumentsActivity} }
04-13 17:06:37.770 19154 27407 E ActivityManagerWrapper: getRecentTasks: mainTaskId=27325   userId=0   baseIntent=Intent { act=android.intent.action.MAIN flag=270532608 cmp=ComponentInfo{com.google.android.apps.translate/com.google.android.apps.translate.TranslateActivity} }
04-13 17:06:37.770 19154 27407 E ActivityManagerWrapper: getRecentTasks: mainTaskId=27268   userId=0   baseIntent=Intent { act=null flag=805306368 cmp=ComponentInfo{com.vizta.wefly/com.moba.unityplugin.MobaGameUnityActivity} }
04-13 17:06:37.770 19154 27407 E ActivityManagerWrapper: getRecentTasks: mainTaskId=27322   userId=0   baseIntent=Intent { act=null flag=872415232 cmp=ComponentInfo{com.supercell.clashofclans/com.supercell.titan.GameApp} }
04-13 17:06:37.770 19154 27407 E ActivityManagerWrapper: getRecentTasks: mainTaskId=27241   userId=0   baseIntent=Intent { act=android.intent.action.MAIN flag=270532608 cmp=ComponentInfo{com.tippingcanoe.promodescuentos/com.pepper.apps.android.presentation.MainActivityDarkIcon} }
04-13 17:06:37.770 19154 27407 E ActivityManagerWrapper: getRecentTasks: mainTaskId=27320   userId=0   baseIntent=Intent { act=android.intent.action.MAIN flag=270532608 cmp=ComponentInfo{com.android.camera/com.android.camera.Camera} }
04-13 17:06:37.770 19154 27407 E ActivityManagerWrapper: getRecentTasks: mainTaskId=27318   userId=0   baseIntent=Intent { act=null flag=268435456 cmp=ComponentInfo{com.miui.android.fashiongallery/com.miui.cw.feature.ui.home.HomeActivity} }
04-13 17:06:37.770 19154 27407 E ActivityManagerWrapper: getRecentTasks: mainTaskId=27230   userId=0   baseIntent=Intent { act=android.intent.action.MAIN flag=268435456 cmp=ComponentInfo{com.duolingo/com.duolingo.splash.LaunchActivity} }
04-13 17:06:37.831   812   841 E mtkpower@impl: [setMode] unknown type
04-13 17:06:37.832   804   804 E SensorManager: Correct handle(4) mindelay: 200000000 old: 1000000
04-13 17:06:37.924  2675  2675 E FileUtils: err write to mi_exception_log
04-13 17:06:37.939  2675  2675 E DozeMachine: request: current=UNINITIALIZED req=INITIALIZED
04-13 17:06:37.985  2166  2166 E LockScreenMagazinePreView: getFullScreenLayout()  mRemoteFullScreenView:null
04-13 17:06:37.985  2166  2166 E LockScreenMagazinePreView: getFullScreenLayout()  mRemoteFullScreenView:null
04-13 17:06:37.990  2166  2166 E miui_face: start face unlock fail, mKeyguardShowing =true;isDeviceInteractive =false;isSwitchingUser =false;isKeyguardGoingAway =false
04-13 17:06:37.992  2166  2166 E miui_face: start face unlock fail, mKeyguardShowing =true;isDeviceInteractive =false;isSwitchingUser =false;isKeyguardGoingAway =false
04-13 17:06:37.994  2166  2166 E FileUtils: err write to mi_exception_log
04-13 17:06:37.994  2166  2166 E LockScreenMagazinePreView: getFullScreenLayout()  mRemoteFullScreenView:null
04-13 17:06:37.995  2166  2166 E LockScreenMagazinePreView: getFullScreenLayout()  mRemoteFullScreenView:null
04-13 17:06:38.002   618 13791 E keystore2: keystore2::gc: Error trying to delete blob entry. In process_one_key: Trying to invalidate key.
04-13 17:06:38.002   618 13791 E keystore2: 
04-13 17:06:38.002   618 13791 E keystore2: Caused by:
04-13 17:06:38.002   618 13791 E keystore2:     0: In invalidate key closure: Trying to invalidate key blob.
04-13 17:06:38.002   618 13791 E keystore2:     1: Error::Km(ErrorCode(-100))
04-13 17:06:38.012  2166  2166 E miui_face: start face unlock fail, mKeyguardShowing =true;isDeviceInteractive =false;isSwitchingUser =false;isKeyguardGoingAway =false
04-13 17:06:38.020  2166  2166 E LockScreenMagazinePreView: getFullScreenLayout()  mRemoteFullScreenView:null
04-13 17:06:38.020  2166  2166 E LockScreenMagazinePreView: getFullScreenLayout()  mRemoteFullScreenView:null
04-13 17:06:38.092  2166  2166 E FileUtils: err write to mi_exception_log
04-13 17:06:38.093  2166  2166 E miui_face: start face unlock fail, mKeyguardShowing =true;isDeviceInteractive =false;isSwitchingUser =false;isKeyguardGoingAway =false
04-13 17:06:38.125  2166  2166 E FileUtils: err write to mi_exception_log
04-13 17:06:38.142  2675  2675 E com.miui.aod: Invalid ID 0x00000000.
04-13 17:06:38.147  2675  2675 E AODView : makeNormalPanel: {"attribute_flag":3,"bg_cluster":[-1],"bg":"scope_f","is_change_color_alongtime":false,"label":"label_single_motion","name":"scope"}
04-13 17:06:38.151  2166  2166 E FileUtils: err write to mi_exception_log
04-13 17:06:38.188  9675  3332 E bt_stack: [ERROR:com_android_bluetooth_btservice_ActivityAttribution.cpp(172)] Failed to get ActivityAttribution Interface
04-13 17:06:38.206  2675  2675 E DozeService: setDozeScreenState: 1 mPendingBrightness 0
04-13 17:06:38.224  2675  2675 E FileUtils: err write to mi_exception_log
04-13 17:06:38.279  9675  3332 E bt_stack: [ERROR:com_android_bluetooth_btservice_ActivityAttribution.cpp(172)] Failed to get ActivityAttribution Interface
04-13 17:06:38.294  2675  2675 E FileUtils: err write to mi_exception_log
04-13 17:06:38.295  2675  2675 E DozeService: setDozeScreenState: 3 mPendingBrightness 0
04-13 17:06:38.309  3724  3724 E libnfc_nci: [ERROR:StNativeNfcTag.cpp(1225)] nativeNfcTag_doDisconnect: tag already deactivated
04-13 17:06:38.311  4422  4422 E VideoBoxServiceManager: removeView error
04-13 17:06:38.311  4422  4422 E VideoBoxServiceManager: android.os.DeadObjectException
04-13 17:06:38.311  4422  4422 E VideoBoxServiceManager: 	at android.os.BinderProxy.transactNative(Native Method)
04-13 17:06:38.311  4422  4422 E VideoBoxServiceManager: 	at android.os.BinderProxy.transact(BinderProxy.java:646)
04-13 17:06:38.311  4422  4422 E VideoBoxServiceManager: 	at com.miui.gamebooster.service.IGameBoosterWindow$Stub$a.i3(Unknown Source:13)
04-13 17:06:38.311  4422  4422 E VideoBoxServiceManager: 	at l6.q.g(Unknown Source:4)
04-13 17:06:38.311  4422  4422 E VideoBoxServiceManager: 	at com.miui.gamebooster.service.VideoToolBoxService$d.onReceive(Unknown Source:66)
04-13 17:06:38.311  4422  4422 E VideoBoxServiceManager: 	at android.app.LoadedApk$ReceiverDispatcher$Args.lambda$getRunnable$0$android-app-LoadedApk$ReceiverDispatcher$Args(LoadedApk.java:1838)
04-13 17:06:38.311  4422  4422 E VideoBoxServiceManager: 	at android.app.LoadedApk$ReceiverDispatcher$Args$$ExternalSyntheticLambda0.run(Unknown Source:2)
04-13 17:06:38.311  4422  4422 E VideoBoxServiceManager: 	at android.os.Handler.handleCallback(Handler.java:942)
04-13 17:06:38.311  4422  4422 E VideoBoxServiceManager: 	at android.os.Handler.dispatchMessage(Handler.java:99)
04-13 17:06:38.311  4422  4422 E VideoBoxServiceManager: 	at android.os.Looper.loopOnce(Looper.java:211)
04-13 17:06:38.311  4422  4422 E VideoBoxServiceManager: 	at android.os.Looper.loop(Looper.java:300)
04-13 17:06:38.311  4422  4422 E VideoBoxServiceManager: 	at android.app.ActivityThread.main(ActivityThread.java:8232)
04-13 17:06:38.311  4422  4422 E VideoBoxServiceManager: 	at java.lang.reflect.Method.invoke(Native Method)
04-13 17:06:38.311  4422  4422 E VideoBoxServiceManager: 	at com.android.internal.os.RuntimeInit$MethodAndArgsCaller.run(RuntimeInit.java:580)
04-13 17:06:38.311  4422  4422 E VideoBoxServiceManager: 	at com.android.internal.os.ZygoteInit.main(ZygoteInit.java:1028)
04-13 17:06:38.332   812   841 E mtkpower@impl: [setMode] unknown type
04-13 17:06:38.354  6257  6618 E ThermalInfoUtils: getCurrentCapacity Exceptionjava.io.FileNotFoundException: /sys/class/power_supply/battery/charge_counter: open failed: EACCES (Permission denied)
04-13 17:06:38.369  2675  2675 E FileUtils: err write to mi_exception_log
04-13 17:06:38.391 23145 23145 E FileUtils: err write to mi_exception_log
04-13 17:06:38.410  9675  9743 E FileUtils: err open mi_exception_log errno=2
04-13 17:06:38.410  9675  9743 E FileUtils: err write to mi_exception_log
04-13 17:06:38.503  9675  3332 E bt_stack: [ERROR:com_android_bluetooth_btservice_ActivityAttribution.cpp(172)] Failed to get ActivityAttribution Interface
04-13 17:06:38.751  1556  1821 E FileUtils: err open mi_exception_log errno=2
04-13 17:06:38.751  1556  1821 E FileUtils: err write to mi_exception_log
04-13 17:06:38.793 28797 28797 E FileUtils: err write to mi_exception_log
04-13 17:06:38.800  2675  2675 E FileUtils: err write to mi_exception_log
04-13 17:06:40.148  2675  2720 E DozeHost: NativeHeapAllocatedSize: 30164120
04-13 17:06:40.551  3760  8882 E SLM-SRV-SLAService: readLine:
04-13 17:06:40.551  3760  8882 E SLM-SRV-SLAService: java.io.FileNotFoundException: /sys/class/thermal/thermal_message/balance_mode: open failed: ENOENT (No such file or directory)
04-13 17:06:40.551  3760  8882 E SLM-SRV-SLAService: 	at libcore.io.IoBridge.open(IoBridge.java:574)
04-13 17:06:40.551  3760  8882 E SLM-SRV-SLAService: 	at java.io.FileInputStream.<init>(FileInputStream.java:179)
04-13 17:06:40.551  3760  8882 E SLM-SRV-SLAService: 	at java.io.FileInputStream.<init>(FileInputStream.java:133)
04-13 17:06:40.551  3760  8882 E SLM-SRV-SLAService: 	at java.io.FileReader.<init>(FileReader.java:60)
04-13 17:06:40.551  3760  8882 E SLM-SRV-SLAService: 	at com.xiaomi.NetworkBoost.slaservice.SLAService.readLine(SLAService.java:1237)
04-13 17:06:40.551  3760  8882 E SLM-SRV-SLAService: 	at com.xiaomi.NetworkBoost.slaservice.SLAService.isPerformanceMode(SLAService.java:1262)
04-13 17:06:40.551  3760  8882 E SLM-SRV-SLAService: 	at com.xiaomi.NetworkBoost.slaservice.SLAService.checktemp(SLAService.java:1293)
04-13 17:06:40.551  3760  8882 E SLM-SRV-SLAService: 	at com.xiaomi.NetworkBoost.slaservice.SLAService.access$2500(SLAService.java:125)
04-13 17:06:40.551  3760  8882 E SLM-SRV-SLAService: 	at com.xiaomi.NetworkBoost.slaservice.SLAService$ThermalStateListener.onEvent(SLAService.java:1226)
04-13 17:06:40.551  3760  8882 E SLM-SRV-SLAService: 	at android.os.FileObserver$ObserverThread.onEvent(FileObserver.java:166)
04-13 17:06:40.551  3760  8882 E SLM-SRV-SLAService: 	at android.os.FileObserver$ObserverThread.observe(Native Method)
04-13 17:06:40.551  3760  8882 E SLM-SRV-SLAService: 	at android.os.FileObserver$ObserverThread.run(FileObserver.java:116)
04-13 17:06:40.551  3760  8882 E SLM-SRV-SLAService: Caused by: android.system.ErrnoException: open failed: ENOENT (No such file or directory)
04-13 17:06:40.551  3760  8882 E SLM-SRV-SLAService: 	at libcore.io.Linux.open(Native Method)
04-13 17:06:40.551  3760  8882 E SLM-SRV-SLAService: 	at libcore.io.ForwardingOs.open(ForwardingOs.java:574)
04-13 17:06:40.551  3760  8882 E SLM-SRV-SLAService: 	at libcore.io.BlockGuardOs.open(BlockGuardOs.java:274)
04-13 17:06:40.551  3760  8882 E SLM-SRV-SLAService: 	at libcore.io.ForwardingOs.open(ForwardingOs.java:574)
04-13 17:06:40.551  3760  8882 E SLM-SRV-SLAService: 	at android.app.ActivityThread$AndroidOs.open(ActivityThread.java:8108)
04-13 17:06:40.551  3760  8882 E SLM-SRV-SLAService: 	at libcore.io.IoBridge.open(IoBridge.java:560)
04-13 17:06:40.551  3760  8882 E SLM-SRV-SLAService: 	... 11 more
04-13 17:06:40.552  3760  8882 E SLM-SRV-SLAService: readLine:
04-13 17:06:40.552  3760  8882 E SLM-SRV-SLAService: java.io.FileNotFoundException: /sys/class/thermal/thermal_message/balance_mode: open failed: ENOENT (No such file or directory)
04-13 17:06:40.552  3760  8882 E SLM-SRV-SLAService: 	at libcore.io.IoBridge.open(IoBridge.java:574)
04-13 17:06:40.552  3760  8882 E SLM-SRV-SLAService: 	at java.io.FileInputStream.<init>(FileInputStream.java:179)
04-13 17:06:40.552  3760  8882 E SLM-SRV-SLAService: 	at java.io.FileInputStream.<init>(FileInputStream.java:133)
04-13 17:06:40.552  3760  8882 E SLM-SRV-SLAService: 	at java.io.FileReader.<init>(FileReader.java:60)
04-13 17:06:40.552  3760  8882 E SLM-SRV-SLAService: 	at com.xiaomi.NetworkBoost.slaservice.SLAService.readLine(SLAService.java:1237)
04-13 17:06:40.552  3760  8882 E SLM-SRV-SLAService: 	at com.xiaomi.NetworkBoost.slaservice.SLAService.isPerformanceMode(SLAService.java:1262)
04-13 17:06:40.552  3760  8882 E SLM-SRV-SLAService: 	at com.xiaomi.NetworkBoost.slaservice.SLAService.checktemp(SLAService.java:1294)
04-13 17:06:40.552  3760  8882 E SLM-SRV-SLAService: 	at com.xiaomi.NetworkBoost.slaservice.SLAService.access$2500(SLAService.java:125)
04-13 17:06:40.552  3760  8882 E SLM-SRV-SLAService: 	at com.xiaomi.NetworkBoost.slaservice.SLAService$ThermalStateListener.onEvent(SLAService.java:1226)
04-13 17:06:40.552  3760  8882 E SLM-SRV-SLAService: 	at android.os.FileObserver$ObserverThread.onEvent(FileObserver.java:166)
04-13 17:06:40.552  3760  8882 E SLM-SRV-SLAService: 	at android.os.FileObserver$ObserverThread.observe(Native Method)
04-13 17:06:40.552  3760  8882 E SLM-SRV-SLAService: 	at android.os.FileObserver$ObserverThread.run(FileObserver.java:116)
04-13 17:06:40.552  3760  8882 E SLM-SRV-SLAService: Caused by: android.system.ErrnoException: open failed: ENOENT (No such file or directory)
04-13 17:06:40.552  3760  8882 E SLM-SRV-SLAService: 	at libcore.io.Linux.open(Native Method)
04-13 17:06:40.552  3760  8882 E SLM-SRV-SLAService: 	at libcore.io.ForwardingOs.open(ForwardingOs.java:574)
04-13 17:06:40.552  3760  8882 E SLM-SRV-SLAService: 	at libcore.io.BlockGuardOs.open(BlockGuardOs.java:274)
04-13 17:06:40.552  3760  8882 E SLM-SRV-SLAService: 	at libcore.io.ForwardingOs.open(ForwardingOs.java:574)
04-13 17:06:40.552  3760  8882 E SLM-SRV-SLAService: 	at android.app.ActivityThread$AndroidOs.open(ActivityThread.java:8108)
04-13 17:06:40.552  3760  8882 E SLM-SRV-SLAService: 	at libcore.io.IoBridge.open(IoBridge.java:560)
04-13 17:06:40.552  3760  8882 E SLM-SRV-SLAService: 	... 11 more
04-13 17:06:41.084 12236 13281 E com.whatsapp: hiddenapi: Accessing hidden field Landroid/app/Notification;->extraNotification:Landroid/app/MiuiNotification; (runtime_flags=0, domain=platform, api=blocked) from LX/7MO; (domain=app, TargetSdkVersion=36) using reflection: denied
04-13 17:06:41.139 12236 13281 E com.whatsapp: hiddenapi: Accessing hidden field Landroid/app/Notification;->extraNotification:Landroid/app/MiuiNotification; (runtime_flags=0, domain=platform, api=blocked) from LX/7MO; (domain=app, TargetSdkVersion=36) using reflection: denied
04-13 17:06:41.158 12236 13281 E FileUtils: err open mi_exception_log errno=2
04-13 17:06:41.158 12236 13281 E FileUtils: err write to mi_exception_log
04-13 17:06:41.174 12236 13285 E com.whatsapp: hiddenapi: Accessing hidden method Landroid/app/MiuiNotification;-><init>()V (runtime_flags=0, domain=platform, api=blocked) from LX/7MO; (domain=app, TargetSdkVersion=36) using reflection: denied
04-13 17:06:41.411 22770 22770 E FileUtils: err write to mi_exception_log
04-13 17:06:41.517  2166  2166 E FileUtils: err write to mi_exception_log
04-13 17:06:41.589 12236 12379 E msys    : E[N WCIHTTPImplNetworkSession]WCIHTTPTaskImplCreateRegular(556)=>[I] http/task/regular/create/start
04-13 17:06:41.590 12236 12379 E msys    : E[N WCIHTTPImplNetworkSession]WCIHTTPTaskImplCreateRegular(591)=>[I] http/task/regular/create/execute
04-13 17:06:41.590 12236 12379 E msys    : E[N WCIHTTPImplNetworkSession]WCIHTTPTaskImplCreateRegular(614)=>[I] http/task/regular/create/success
04-13 17:06:44.943 12236 13281 E com.whatsapp: hiddenapi: Accessing hidden field Landroid/app/Notification;->extraNotification:Landroid/app/MiuiNotification; (runtime_flags=0, domain=platform, api=blocked) from LX/7MO; (domain=app, TargetSdkVersion=36) using reflection: denied
04-13 17:06:45.014 12236 13281 E com.whatsapp: hiddenapi: Accessing hidden field Landroid/app/Notification;->extraNotification:Landroid/app/MiuiNotification; (runtime_flags=0, domain=platform, api=blocked) from LX/7MO; (domain=app, TargetSdkVersion=36) using reflection: denied
04-13 17:06:45.036 12236 13281 E com.whatsapp: hiddenapi: Accessing hidden field Landroid/app/Notification;->extraNotification:Landroid/app/MiuiNotification; (runtime_flags=0, domain=platform, api=blocked) from LX/7MO; (domain=app, TargetSdkVersion=36) using reflection: denied
04-13 17:06:45.045 12236 13281 E FileUtils: err open mi_exception_log errno=2
04-13 17:06:45.045 12236 13281 E FileUtils: err write to mi_exception_log
04-13 17:06:45.146 19154 32003 E FileUtils: err open mi_exception_log errno=2
04-13 17:06:45.146 19154 32003 E FileUtils: err write to mi_exception_log
04-13 17:06:45.310  2166  2166 E FileUtils: err write to mi_exception_log
04-13 17:06:45.346 19154 32003 E FileUtils: err open mi_exception_log errno=2
04-13 17:06:45.346 19154 32003 E FileUtils: err write to mi_exception_log
04-13 17:06:45.435  2166  2166 E FileUtils: err write to mi_exception_log
04-13 17:06:45.608  2166  2166 E FileUtils: err write to mi_exception_log
04-13 17:06:49.137  1062  1105 E WifiStandalone: conditional wait timedout
04-13 17:06:50.040  2675  2675 E DozeMachine: request: current=DOZE_AOD req=DOZE
04-13 17:06:50.048  2675  2675 E DozeService: setDozeScreenState: 1 mPendingBrightness 0
04-13 17:06:50.101  1556  1611 E FileUtils: err open mi_exception_log errno=2
04-13 17:06:50.102  1556  1611 E FileUtils: err write to mi_exception_log
04-13 17:06:50.281   812   841 E mtkpower@impl: [setMode] unknown type
04-13 17:06:50.551  3760  8882 E SLM-SRV-SLAService: readLine:
04-13 17:06:50.551  3760  8882 E SLM-SRV-SLAService: java.io.FileNotFoundException: /sys/class/thermal/thermal_message/balance_mode: open failed: ENOENT (No such file or directory)
04-13 17:06:50.551  3760  8882 E SLM-SRV-SLAService: 	at libcore.io.IoBridge.open(IoBridge.java:574)
04-13 17:06:50.551  3760  8882 E SLM-SRV-SLAService: 	at java.io.FileInputStream.<init>(FileInputStream.java:179)
04-13 17:06:50.551  3760  8882 E SLM-SRV-SLAService: 	at java.io.FileInputStream.<init>(FileInputStream.java:133)
04-13 17:06:50.551  3760  8882 E SLM-SRV-SLAService: 	at java.io.FileReader.<init>(FileReader.java:60)
04-13 17:06:50.551  3760  8882 E SLM-SRV-SLAService: 	at com.xiaomi.NetworkBoost.slaservice.SLAService.readLine(SLAService.java:1237)
04-13 17:06:50.551  3760  8882 E SLM-SRV-SLAService: 	at com.xiaomi.NetworkBoost.slaservice.SLAService.isPerformanceMode(SLAService.java:1262)
04-13 17:06:50.551  3760  8882 E SLM-SRV-SLAService: 	at com.xiaomi.NetworkBoost.slaservice.SLAService.checktemp(SLAService.java:1293)
04-13 17:06:50.551  3760  8882 E SLM-SRV-SLAService: 	at com.xiaomi.NetworkBoost.slaservice.SLAService.access$2500(SLAService.java:125)
04-13 17:06:50.551  3760  8882 E SLM-SRV-SLAService: 	at com.xiaomi.NetworkBoost.slaservice.SLAService$ThermalStateListener.onEvent(SLAService.java:1226)
04-13 17:06:50.551  3760  8882 E SLM-SRV-SLAService: 	at android.os.FileObserver$ObserverThread.onEvent(FileObserver.java:166)
04-13 17:06:50.551  3760  8882 E SLM-SRV-SLAService: 	at android.os.FileObserver$ObserverThread.observe(Native Method)
04-13 17:06:50.551  3760  8882 E SLM-SRV-SLAService: 	at android.os.FileObserver$ObserverThread.run(FileObserver.java:116)
04-13 17:06:50.551  3760  8882 E SLM-SRV-SLAService: Caused by: android.system.ErrnoException: open failed: ENOENT (No such file or directory)
04-13 17:06:50.551  3760  8882 E SLM-SRV-SLAService: 	at libcore.io.Linux.open(Native Method)
04-13 17:06:50.551  3760  8882 E SLM-SRV-SLAService: 	at libcore.io.ForwardingOs.open(ForwardingOs.java:574)
04-13 17:06:50.551  3760  8882 E SLM-SRV-SLAService: 	at libcore.io.BlockGuardOs.open(BlockGuardOs.java:274)
04-13 17:06:50.551  3760  8882 E SLM-SRV-SLAService: 	at libcore.io.ForwardingOs.open(ForwardingOs.java:574)
04-13 17:06:50.551  3760  8882 E SLM-SRV-SLAService: 	at android.app.ActivityThread$AndroidOs.open(ActivityThread.java:8108)
04-13 17:06:50.551  3760  8882 E SLM-SRV-SLAService: 	at libcore.io.IoBridge.open(IoBridge.java:560)
04-13 17:06:50.551  3760  8882 E SLM-SRV-SLAService: 	... 11 more
04-13 17:06:50.552  3760  8882 E SLM-SRV-SLAService: readLine:
04-13 17:06:50.552  3760  8882 E SLM-SRV-SLAService: java.io.FileNotFoundException: /sys/class/thermal/thermal_message/balance_mode: open failed: ENOENT (No such file or directory)
04-13 17:06:50.552  3760  8882 E SLM-SRV-SLAService: 	at libcore.io.IoBridge.open(IoBridge.java:574)
04-13 17:06:50.552  3760  8882 E SLM-SRV-SLAService: 	at java.io.FileInputStream.<init>(FileInputStream.java:179)
04-13 17:06:50.552  3760  8882 E SLM-SRV-SLAService: 	at java.io.FileInputStream.<init>(FileInputStream.java:133)
04-13 17:06:50.552  3760  8882 E SLM-SRV-SLAService: 	at java.io.FileReader.<init>(FileReader.java:60)
04-13 17:06:50.552  3760  8882 E SLM-SRV-SLAService: 	at com.xiaomi.NetworkBoost.slaservice.SLAService.readLine(SLAService.java:1237)
04-13 17:06:50.552  3760  8882 E SLM-SRV-SLAService: 	at com.xiaomi.NetworkBoost.slaservice.SLAService.isPerformanceMode(SLAService.java:1262)
04-13 17:06:50.552  3760  8882 E SLM-SRV-SLAService: 	at com.xiaomi.NetworkBoost.slaservice.SLAService.checktemp(SLAService.java:1294)
04-13 17:06:50.552  3760  8882 E SLM-SRV-SLAService: 	at com.xiaomi.NetworkBoost.slaservice.SLAService.access$2500(SLAService.java:125)
04-13 17:06:50.552  3760  8882 E SLM-SRV-SLAService: 	at com.xiaomi.NetworkBoost.slaservice.SLAService$ThermalStateListener.onEvent(SLAService.java:1226)
04-13 17:06:50.552  3760  8882 E SLM-SRV-SLAService: 	at android.os.FileObserver$ObserverThread.onEvent(FileObserver.java:166)
04-13 17:06:50.552  3760  8882 E SLM-SRV-SLAService: 	at android.os.FileObserver$ObserverThread.observe(Native Method)
04-13 17:06:50.552  3760  8882 E SLM-SRV-SLAService: 	at android.os.FileObserver$ObserverThread.run(FileObserver.java:116)
04-13 17:06:50.552  3760  8882 E SLM-SRV-SLAService: Caused by: android.system.ErrnoException: open failed: ENOENT (No such file or directory)
04-13 17:06:50.552  3760  8882 E SLM-SRV-SLAService: 	at libcore.io.Linux.open(Native Method)
04-13 17:06:50.552  3760  8882 E SLM-SRV-SLAService: 	at libcore.io.ForwardingOs.open(ForwardingOs.java:574)
04-13 17:06:50.552  3760  8882 E SLM-SRV-SLAService: 	at libcore.io.BlockGuardOs.open(BlockGuardOs.java:274)
04-13 17:06:50.552  3760  8882 E SLM-SRV-SLAService: 	at libcore.io.ForwardingOs.open(ForwardingOs.java:574)
04-13 17:06:50.552  3760  8882 E SLM-SRV-SLAService: 	at android.app.ActivityThread$AndroidOs.open(ActivityThread.java:8108)
04-13 17:06:50.552  3760  8882 E SLM-SRV-SLAService: 	at libcore.io.IoBridge.open(IoBridge.java:560)
04-13 17:06:50.552  3760  8882 E SLM-SRV-SLAService: 	... 11 more
